<?xml version="1.0" encoding="ISO-8859-1" ?>
<link_info>
   <banner>MSP430 Linker PC v21.6.1.LTS</banner>
   <copyright>Copyright (c) 2003-2018 Texas Instruments Incorporated</copyright>
   <link_time>0x696ae40f</link_time>
   <link_errors>0x0</link_errors>
   <output_file>MCU - DEVBOARD TEST.out</output_file>
   <entry_point>
      <name>_c_int00_noargs</name>
      <address>0xf496</address>
   </entry_point>
   <input_file_list>
      <input_file id="fl-2">
         <path>.\driverlib\MSP430FR2xx_4xx\</path>
         <kind>object</kind>
         <file>adc.obj</file>
         <name>adc.obj</name>
      </input_file>
      <input_file id="fl-3">
         <path>.\driverlib\MSP430FR2xx_4xx\</path>
         <kind>object</kind>
         <file>crc.obj</file>
         <name>crc.obj</name>
      </input_file>
      <input_file id="fl-4">
         <path>.\driverlib\MSP430FR2xx_4xx\</path>
         <kind>object</kind>
         <file>cs.obj</file>
         <name>cs.obj</name>
      </input_file>
      <input_file id="fl-5">
         <path>.\driverlib\MSP430FR2xx_4xx\</path>
         <kind>object</kind>
         <file>ecomp.obj</file>
         <name>ecomp.obj</name>
      </input_file>
      <input_file id="fl-6">
         <path>.\driverlib\MSP430FR2xx_4xx\</path>
         <kind>object</kind>
         <file>eusci_a_spi.obj</file>
         <name>eusci_a_spi.obj</name>
      </input_file>
      <input_file id="fl-7">
         <path>.\driverlib\MSP430FR2xx_4xx\</path>
         <kind>object</kind>
         <file>eusci_a_uart.obj</file>
         <name>eusci_a_uart.obj</name>
      </input_file>
      <input_file id="fl-8">
         <path>.\driverlib\MSP430FR2xx_4xx\</path>
         <kind>object</kind>
         <file>eusci_b_i2c.obj</file>
         <name>eusci_b_i2c.obj</name>
      </input_file>
      <input_file id="fl-9">
         <path>.\driverlib\MSP430FR2xx_4xx\</path>
         <kind>object</kind>
         <file>eusci_b_spi.obj</file>
         <name>eusci_b_spi.obj</name>
      </input_file>
      <input_file id="fl-a">
         <path>.\driverlib\MSP430FR2xx_4xx\</path>
         <kind>object</kind>
         <file>framctl.obj</file>
         <name>framctl.obj</name>
      </input_file>
      <input_file id="fl-b">
         <path>.\driverlib\MSP430FR2xx_4xx\</path>
         <kind>object</kind>
         <file>gpio.obj</file>
         <name>gpio.obj</name>
      </input_file>
      <input_file id="fl-c">
         <path>.\driverlib\MSP430FR2xx_4xx\</path>
         <kind>object</kind>
         <file>lcd_e.obj</file>
         <name>lcd_e.obj</name>
      </input_file>
      <input_file id="fl-d">
         <path>.\driverlib\MSP430FR2xx_4xx\</path>
         <kind>object</kind>
         <file>mpy32.obj</file>
         <name>mpy32.obj</name>
      </input_file>
      <input_file id="fl-e">
         <path>.\driverlib\MSP430FR2xx_4xx\</path>
         <kind>object</kind>
         <file>pmm.obj</file>
         <name>pmm.obj</name>
      </input_file>
      <input_file id="fl-f">
         <path>.\driverlib\MSP430FR2xx_4xx\</path>
         <kind>object</kind>
         <file>rtc.obj</file>
         <name>rtc.obj</name>
      </input_file>
      <input_file id="fl-10">
         <path>.\driverlib\MSP430FR2xx_4xx\</path>
         <kind>object</kind>
         <file>sac.obj</file>
         <name>sac.obj</name>
      </input_file>
      <input_file id="fl-11">
         <path>.\driverlib\MSP430FR2xx_4xx\</path>
         <kind>object</kind>
         <file>sfr.obj</file>
         <name>sfr.obj</name>
      </input_file>
      <input_file id="fl-12">
         <path>.\driverlib\MSP430FR2xx_4xx\</path>
         <kind>object</kind>
         <file>sysctl.obj</file>
         <name>sysctl.obj</name>
      </input_file>
      <input_file id="fl-13">
         <path>.\driverlib\MSP430FR2xx_4xx\</path>
         <kind>object</kind>
         <file>tia.obj</file>
         <name>tia.obj</name>
      </input_file>
      <input_file id="fl-14">
         <path>.\driverlib\MSP430FR2xx_4xx\</path>
         <kind>object</kind>
         <file>timer_a.obj</file>
         <name>timer_a.obj</name>
      </input_file>
      <input_file id="fl-15">
         <path>.\driverlib\MSP430FR2xx_4xx\</path>
         <kind>object</kind>
         <file>timer_b.obj</file>
         <name>timer_b.obj</name>
      </input_file>
      <input_file id="fl-16">
         <path>.\driverlib\MSP430FR2xx_4xx\</path>
         <kind>object</kind>
         <file>tlv.obj</file>
         <name>tlv.obj</name>
      </input_file>
      <input_file id="fl-17">
         <path>.\driverlib\MSP430FR2xx_4xx\</path>
         <kind>object</kind>
         <file>wdt_a.obj</file>
         <name>wdt_a.obj</name>
      </input_file>
      <input_file id="fl-18">
         <path>.\src\</path>
         <kind>object</kind>
         <file>gps.obj</file>
         <name>gps.obj</name>
      </input_file>
      <input_file id="fl-19">
         <path>.\src\</path>
         <kind>object</kind>
         <file>lora.obj</file>
         <name>lora.obj</name>
      </input_file>
      <input_file id="fl-1a">
         <path>.\src\</path>
         <kind>object</kind>
         <file>main.obj</file>
         <name>main.obj</name>
      </input_file>
      <input_file id="fl-1b">
         <path>.\src\</path>
         <kind>object</kind>
         <file>uart_manager.obj</file>
         <name>uart_manager.obj</name>
      </input_file>
      <input_file id="fl-21">
         <kind>object</kind>
         <file>&lt;internal&gt;</file>
         <name>&lt;internal&gt;</name>
      </input_file>
      <input_file id="fl-3c">
         <path>C:\ti\ccs2040\ccs\tools\compiler\ti-cgt-msp430_21.6.1.LTS\lib\</path>
         <kind>archive</kind>
         <file>rts430x_lc_sd_eabi.lib</file>
         <name>div16s.asm.obj</name>
      </input_file>
      <input_file id="fl-3d">
         <path>C:\ti\ccs2040\ccs\tools\compiler\ti-cgt-msp430_21.6.1.LTS\lib\</path>
         <kind>archive</kind>
         <file>rts430x_lc_sd_eabi.lib</file>
         <name>div16u.asm.obj</name>
      </input_file>
      <input_file id="fl-3e">
         <path>C:\ti\ccs2040\ccs\tools\compiler\ti-cgt-msp430_21.6.1.LTS\lib\</path>
         <kind>archive</kind>
         <file>rts430x_lc_sd_eabi.lib</file>
         <name>div32s.asm.obj</name>
      </input_file>
      <input_file id="fl-3f">
         <path>C:\ti\ccs2040\ccs\tools\compiler\ti-cgt-msp430_21.6.1.LTS\lib\</path>
         <kind>archive</kind>
         <file>rts430x_lc_sd_eabi.lib</file>
         <name>div32u.asm.obj</name>
      </input_file>
      <input_file id="fl-40">
         <path>C:\ti\ccs2040\ccs\tools\compiler\ti-cgt-msp430_21.6.1.LTS\lib\</path>
         <kind>archive</kind>
         <file>rts430x_lc_sd_eabi.lib</file>
         <name>fs_add.asm.obj</name>
      </input_file>
      <input_file id="fl-41">
         <path>C:\ti\ccs2040\ccs\tools\compiler\ti-cgt-msp430_21.6.1.LTS\lib\</path>
         <kind>archive</kind>
         <file>rts430x_lc_sd_eabi.lib</file>
         <name>fs_div.asm.obj</name>
      </input_file>
      <input_file id="fl-42">
         <path>C:\ti\ccs2040\ccs\tools\compiler\ti-cgt-msp430_21.6.1.LTS\lib\</path>
         <kind>archive</kind>
         <file>rts430x_lc_sd_eabi.lib</file>
         <name>fs_ltof.asm.obj</name>
      </input_file>
      <input_file id="fl-43">
         <path>C:\ti\ccs2040\ccs\tools\compiler\ti-cgt-msp430_21.6.1.LTS\lib\</path>
         <kind>archive</kind>
         <file>rts430x_lc_sd_eabi.lib</file>
         <name>fs_mpy.asm.obj</name>
      </input_file>
      <input_file id="fl-44">
         <path>C:\ti\ccs2040\ccs\tools\compiler\ti-cgt-msp430_21.6.1.LTS\lib\</path>
         <kind>archive</kind>
         <file>rts430x_lc_sd_eabi.lib</file>
         <name>fs_neg.asm.obj</name>
      </input_file>
      <input_file id="fl-45">
         <path>C:\ti\ccs2040\ccs\tools\compiler\ti-cgt-msp430_21.6.1.LTS\lib\</path>
         <kind>archive</kind>
         <file>rts430x_lc_sd_eabi.lib</file>
         <name>fs_tol.asm.obj</name>
      </input_file>
      <input_file id="fl-46">
         <path>C:\ti\ccs2040\ccs\tools\compiler\ti-cgt-msp430_21.6.1.LTS\lib\</path>
         <kind>archive</kind>
         <file>rts430x_lc_sd_eabi.lib</file>
         <name>int41.asm.obj</name>
      </input_file>
      <input_file id="fl-47">
         <path>C:\ti\ccs2040\ccs\tools\compiler\ti-cgt-msp430_21.6.1.LTS\lib\</path>
         <kind>archive</kind>
         <file>rts430x_lc_sd_eabi.lib</file>
         <name>int42.asm.obj</name>
      </input_file>
      <input_file id="fl-48">
         <path>C:\ti\ccs2040\ccs\tools\compiler\ti-cgt-msp430_21.6.1.LTS\lib\</path>
         <kind>archive</kind>
         <file>rts430x_lc_sd_eabi.lib</file>
         <name>int43.asm.obj</name>
      </input_file>
      <input_file id="fl-49">
         <path>C:\ti\ccs2040\ccs\tools\compiler\ti-cgt-msp430_21.6.1.LTS\lib\</path>
         <kind>archive</kind>
         <file>rts430x_lc_sd_eabi.lib</file>
         <name>int44.asm.obj</name>
      </input_file>
      <input_file id="fl-4a">
         <path>C:\ti\ccs2040\ccs\tools\compiler\ti-cgt-msp430_21.6.1.LTS\lib\</path>
         <kind>archive</kind>
         <file>rts430x_lc_sd_eabi.lib</file>
         <name>int47.asm.obj</name>
      </input_file>
      <input_file id="fl-4b">
         <path>C:\ti\ccs2040\ccs\tools\compiler\ti-cgt-msp430_21.6.1.LTS\lib\</path>
         <kind>archive</kind>
         <file>rts430x_lc_sd_eabi.lib</file>
         <name>int48.asm.obj</name>
      </input_file>
      <input_file id="fl-4c">
         <path>C:\ti\ccs2040\ccs\tools\compiler\ti-cgt-msp430_21.6.1.LTS\lib\</path>
         <kind>archive</kind>
         <file>rts430x_lc_sd_eabi.lib</file>
         <name>int49.asm.obj</name>
      </input_file>
      <input_file id="fl-4d">
         <path>C:\ti\ccs2040\ccs\tools\compiler\ti-cgt-msp430_21.6.1.LTS\lib\</path>
         <kind>archive</kind>
         <file>rts430x_lc_sd_eabi.lib</file>
         <name>int50.asm.obj</name>
      </input_file>
      <input_file id="fl-4e">
         <path>C:\ti\ccs2040\ccs\tools\compiler\ti-cgt-msp430_21.6.1.LTS\lib\</path>
         <kind>archive</kind>
         <file>rts430x_lc_sd_eabi.lib</file>
         <name>int51.asm.obj</name>
      </input_file>
      <input_file id="fl-4f">
         <path>C:\ti\ccs2040\ccs\tools\compiler\ti-cgt-msp430_21.6.1.LTS\lib\</path>
         <kind>archive</kind>
         <file>rts430x_lc_sd_eabi.lib</file>
         <name>int52.asm.obj</name>
      </input_file>
      <input_file id="fl-50">
         <path>C:\ti\ccs2040\ccs\tools\compiler\ti-cgt-msp430_21.6.1.LTS\lib\</path>
         <kind>archive</kind>
         <file>rts430x_lc_sd_eabi.lib</file>
         <name>int53.asm.obj</name>
      </input_file>
      <input_file id="fl-51">
         <path>C:\ti\ccs2040\ccs\tools\compiler\ti-cgt-msp430_21.6.1.LTS\lib\</path>
         <kind>archive</kind>
         <file>rts430x_lc_sd_eabi.lib</file>
         <name>int54.asm.obj</name>
      </input_file>
      <input_file id="fl-52">
         <path>C:\ti\ccs2040\ccs\tools\compiler\ti-cgt-msp430_21.6.1.LTS\lib\</path>
         <kind>archive</kind>
         <file>rts430x_lc_sd_eabi.lib</file>
         <name>int55.asm.obj</name>
      </input_file>
      <input_file id="fl-53">
         <path>C:\ti\ccs2040\ccs\tools\compiler\ti-cgt-msp430_21.6.1.LTS\lib\</path>
         <kind>archive</kind>
         <file>rts430x_lc_sd_eabi.lib</file>
         <name>int57.asm.obj</name>
      </input_file>
      <input_file id="fl-54">
         <path>C:\ti\ccs2040\ccs\tools\compiler\ti-cgt-msp430_21.6.1.LTS\lib\</path>
         <kind>archive</kind>
         <file>rts430x_lc_sd_eabi.lib</file>
         <name>int58.asm.obj</name>
      </input_file>
      <input_file id="fl-55">
         <path>C:\ti\ccs2040\ccs\tools\compiler\ti-cgt-msp430_21.6.1.LTS\lib\</path>
         <kind>archive</kind>
         <file>rts430x_lc_sd_eabi.lib</file>
         <name>isr_trap.asm.obj</name>
      </input_file>
      <input_file id="fl-56">
         <path>C:\ti\ccs2040\ccs\tools\compiler\ti-cgt-msp430_21.6.1.LTS\lib\</path>
         <kind>archive</kind>
         <file>rts430x_lc_sd_eabi.lib</file>
         <name>lsl16.asm.obj</name>
      </input_file>
      <input_file id="fl-57">
         <path>C:\ti\ccs2040\ccs\tools\compiler\ti-cgt-msp430_21.6.1.LTS\lib\</path>
         <kind>archive</kind>
         <file>rts430x_lc_sd_eabi.lib</file>
         <name>lsr32.asm.obj</name>
      </input_file>
      <input_file id="fl-58">
         <path>C:\ti\ccs2040\ccs\tools\compiler\ti-cgt-msp430_21.6.1.LTS\lib\</path>
         <kind>archive</kind>
         <file>rts430x_lc_sd_eabi.lib</file>
         <name>mult16.asm.obj</name>
      </input_file>
      <input_file id="fl-59">
         <path>C:\ti\ccs2040\ccs\tools\compiler\ti-cgt-msp430_21.6.1.LTS\lib\</path>
         <kind>archive</kind>
         <file>rts430x_lc_sd_eabi.lib</file>
         <name>mult16_f5hw.asm.obj</name>
      </input_file>
      <input_file id="fl-5a">
         <path>C:\ti\ccs2040\ccs\tools\compiler\ti-cgt-msp430_21.6.1.LTS\lib\</path>
         <kind>archive</kind>
         <file>rts430x_lc_sd_eabi.lib</file>
         <name>mult1632_f5hw.asm.obj</name>
      </input_file>
      <input_file id="fl-5b">
         <path>C:\ti\ccs2040\ccs\tools\compiler\ti-cgt-msp430_21.6.1.LTS\lib\</path>
         <kind>archive</kind>
         <file>rts430x_lc_sd_eabi.lib</file>
         <name>mult32.asm.obj</name>
      </input_file>
      <input_file id="fl-5c">
         <path>C:\ti\ccs2040\ccs\tools\compiler\ti-cgt-msp430_21.6.1.LTS\lib\</path>
         <kind>archive</kind>
         <file>rts430x_lc_sd_eabi.lib</file>
         <name>mult32_f5hw.asm.obj</name>
      </input_file>
      <input_file id="fl-5d">
         <path>C:\ti\ccs2040\ccs\tools\compiler\ti-cgt-msp430_21.6.1.LTS\lib\</path>
         <kind>archive</kind>
         <file>rts430x_lc_sd_eabi.lib</file>
         <name>mult3264_f5hw.asm.obj</name>
      </input_file>
      <input_file id="fl-5e">
         <path>C:\ti\ccs2040\ccs\tools\compiler\ti-cgt-msp430_21.6.1.LTS\lib\</path>
         <kind>archive</kind>
         <file>rts430x_lc_sd_eabi.lib</file>
         <name>mult64_f5hw.asm.obj</name>
      </input_file>
      <input_file id="fl-5f">
         <path>C:\ti\ccs2040\ccs\tools\compiler\ti-cgt-msp430_21.6.1.LTS\lib\</path>
         <kind>archive</kind>
         <file>rts430x_lc_sd_eabi.lib</file>
         <name>boot.c.obj</name>
      </input_file>
      <input_file id="fl-60">
         <path>C:\ti\ccs2040\ccs\tools\compiler\ti-cgt-msp430_21.6.1.LTS\lib\</path>
         <kind>archive</kind>
         <file>rts430x_lc_sd_eabi.lib</file>
         <name>autoinit.c.obj</name>
      </input_file>
      <input_file id="fl-61">
         <path>C:\ti\ccs2040\ccs\tools\compiler\ti-cgt-msp430_21.6.1.LTS\lib\</path>
         <kind>archive</kind>
         <file>rts430x_lc_sd_eabi.lib</file>
         <name>copy_zero_init.c.obj</name>
      </input_file>
      <input_file id="fl-62">
         <path>C:\ti\ccs2040\ccs\tools\compiler\ti-cgt-msp430_21.6.1.LTS\lib\</path>
         <kind>archive</kind>
         <file>rts430x_lc_sd_eabi.lib</file>
         <name>cpy_tbl.c.obj</name>
      </input_file>
      <input_file id="fl-63">
         <path>C:\ti\ccs2040\ccs\tools\compiler\ti-cgt-msp430_21.6.1.LTS\lib\</path>
         <kind>archive</kind>
         <file>rts430x_lc_sd_eabi.lib</file>
         <name>mpu_init.c.obj</name>
      </input_file>
      <input_file id="fl-64">
         <path>C:\ti\ccs2040\ccs\tools\compiler\ti-cgt-msp430_21.6.1.LTS\lib\</path>
         <kind>archive</kind>
         <file>rts430x_lc_sd_eabi.lib</file>
         <name>pre_init.c.obj</name>
      </input_file>
      <input_file id="fl-65">
         <path>C:\ti\ccs2040\ccs\tools\compiler\ti-cgt-msp430_21.6.1.LTS\lib\</path>
         <kind>archive</kind>
         <file>rts430x_lc_sd_eabi.lib</file>
         <name>startup.c.obj</name>
      </input_file>
      <input_file id="fl-66">
         <path>C:\ti\ccs2040\ccs\tools\compiler\ti-cgt-msp430_21.6.1.LTS\lib\</path>
         <kind>archive</kind>
         <file>rts430x_lc_sd_eabi.lib</file>
         <name>copy_decompress_none.c.obj</name>
      </input_file>
      <input_file id="fl-67">
         <path>C:\ti\ccs2040\ccs\tools\compiler\ti-cgt-msp430_21.6.1.LTS\lib\</path>
         <kind>archive</kind>
         <file>rts430x_lc_sd_eabi.lib</file>
         <name>copy_decompress_lzss.c.obj</name>
      </input_file>
      <input_file id="fl-68">
         <path>C:\ti\ccs2040\ccs\tools\compiler\ti-cgt-msp430_21.6.1.LTS\lib\</path>
         <kind>archive</kind>
         <file>rts430x_lc_sd_eabi.lib</file>
         <name>cvtdf.c.obj</name>
      </input_file>
      <input_file id="fl-69">
         <path>C:\ti\ccs2040\ccs\tools\compiler\ti-cgt-msp430_21.6.1.LTS\lib\</path>
         <kind>archive</kind>
         <file>rts430x_lc_sd_eabi.lib</file>
         <name>exit.c.obj</name>
      </input_file>
      <input_file id="fl-6a">
         <path>C:\ti\ccs2040\ccs\tools\compiler\ti-cgt-msp430_21.6.1.LTS\lib\</path>
         <kind>archive</kind>
         <file>rts430x_lc_sd_eabi.lib</file>
         <name>_lock.c.obj</name>
      </input_file>
      <input_file id="fl-6b">
         <path>C:\ti\ccs2040\ccs\tools\compiler\ti-cgt-msp430_21.6.1.LTS\lib\</path>
         <kind>archive</kind>
         <file>rts430x_lc_sd_eabi.lib</file>
         <name>args_main.c.obj</name>
      </input_file>
      <input_file id="fl-6c">
         <path>C:\ti\ccs2040\ccs\tools\compiler\ti-cgt-msp430_21.6.1.LTS\lib\</path>
         <kind>archive</kind>
         <file>rts430x_lc_sd_eabi.lib</file>
         <name>atof.c.obj</name>
      </input_file>
      <input_file id="fl-6d">
         <path>C:\ti\ccs2040\ccs\tools\compiler\ti-cgt-msp430_21.6.1.LTS\lib\</path>
         <kind>archive</kind>
         <file>rts430x_lc_sd_eabi.lib</file>
         <name>atoi.c.obj</name>
      </input_file>
      <input_file id="fl-6e">
         <path>C:\ti\ccs2040\ccs\tools\compiler\ti-cgt-msp430_21.6.1.LTS\lib\</path>
         <kind>archive</kind>
         <file>rts430x_lc_sd_eabi.lib</file>
         <name>ctype.c.obj</name>
      </input_file>
      <input_file id="fl-6f">
         <path>C:\ti\ccs2040\ccs\tools\compiler\ti-cgt-msp430_21.6.1.LTS\lib\</path>
         <kind>archive</kind>
         <file>rts430x_lc_sd_eabi.lib</file>
         <name>memcpy.c.obj</name>
      </input_file>
      <input_file id="fl-70">
         <path>C:\ti\ccs2040\ccs\tools\compiler\ti-cgt-msp430_21.6.1.LTS\lib\</path>
         <kind>archive</kind>
         <file>rts430x_lc_sd_eabi.lib</file>
         <name>memset.c.obj</name>
      </input_file>
      <input_file id="fl-71">
         <path>C:\ti\ccs2040\ccs\tools\compiler\ti-cgt-msp430_21.6.1.LTS\lib\</path>
         <kind>archive</kind>
         <file>rts430x_lc_sd_eabi.lib</file>
         <name>strcat.c.obj</name>
      </input_file>
      <input_file id="fl-72">
         <path>C:\ti\ccs2040\ccs\tools\compiler\ti-cgt-msp430_21.6.1.LTS\lib\</path>
         <kind>archive</kind>
         <file>rts430x_lc_sd_eabi.lib</file>
         <name>strchr.c.obj</name>
      </input_file>
      <input_file id="fl-73">
         <path>C:\ti\ccs2040\ccs\tools\compiler\ti-cgt-msp430_21.6.1.LTS\lib\</path>
         <kind>archive</kind>
         <file>rts430x_lc_sd_eabi.lib</file>
         <name>strcpy.c.obj</name>
      </input_file>
      <input_file id="fl-74">
         <path>C:\ti\ccs2040\ccs\tools\compiler\ti-cgt-msp430_21.6.1.LTS\lib\</path>
         <kind>archive</kind>
         <file>rts430x_lc_sd_eabi.lib</file>
         <name>strlen.c.obj</name>
      </input_file>
      <input_file id="fl-75">
         <path>C:\ti\ccs2040\ccs\tools\compiler\ti-cgt-msp430_21.6.1.LTS\lib\</path>
         <kind>archive</kind>
         <file>rts430x_lc_sd_eabi.lib</file>
         <name>strncmp.c.obj</name>
      </input_file>
      <input_file id="fl-76">
         <path>C:\ti\ccs2040\ccs\tools\compiler\ti-cgt-msp430_21.6.1.LTS\lib\</path>
         <kind>archive</kind>
         <file>rts430x_lc_sd_eabi.lib</file>
         <name>strncpy.c.obj</name>
      </input_file>
      <input_file id="fl-77">
         <path>C:\ti\ccs2040\ccs\tools\compiler\ti-cgt-msp430_21.6.1.LTS\lib\</path>
         <kind>archive</kind>
         <file>rts430x_lc_sd_eabi.lib</file>
         <name>strtod.c.obj</name>
      </input_file>
      <input_file id="fl-78">
         <path>C:\ti\ccs2040\ccs\tools\compiler\ti-cgt-msp430_21.6.1.LTS\lib\</path>
         <kind>archive</kind>
         <file>rts430x_lc_sd_eabi.lib</file>
         <name>strtok.c.obj</name>
      </input_file>
      <input_file id="fl-79">
         <path>C:\ti\ccs2040\ccs\tools\compiler\ti-cgt-msp430_21.6.1.LTS\lib\</path>
         <kind>archive</kind>
         <file>rts430x_lc_sd_eabi.lib</file>
         <name>toupper.c.obj</name>
      </input_file>
      <input_file id="fl-7a">
         <path>C:\ti\ccs2040\ccs\tools\compiler\ti-cgt-msp430_21.6.1.LTS\lib\</path>
         <kind>archive</kind>
         <file>rts430x_lc_sd_eabi.lib</file>
         <name>abs.c.obj</name>
      </input_file>
      <input_file id="fl-7b">
         <path>C:\ti\ccs2040\ccs\tools\compiler\ti-cgt-msp430_21.6.1.LTS\lib\</path>
         <kind>archive</kind>
         <file>rts430x_lc_sd_eabi.lib</file>
         <name>errno.c.obj</name>
      </input_file>
      <input_file id="fl-7c">
         <path>C:\ti\ccs2040\ccs\tools\compiler\ti-cgt-msp430_21.6.1.LTS\lib\</path>
         <kind>archive</kind>
         <file>rts430x_lc_sd_eabi.lib</file>
         <name>s_scalbn.c.obj</name>
      </input_file>
      <input_file id="fl-7d">
         <path>C:\ti\ccs2040\ccs\tools\compiler\ti-cgt-msp430_21.6.1.LTS\lib\</path>
         <kind>archive</kind>
         <file>rts430x_lc_sd_eabi.lib</file>
         <name>s_copysign.c.obj</name>
      </input_file>
      <input_file id="fl-7e">
         <path>C:\ti\ccs2040\ccs\tools\compiler\ti-cgt-msp430_21.6.1.LTS\lib\</path>
         <kind>archive</kind>
         <file>rts430x_lc_sd_eabi.lib</file>
         <name>cpy_util.asm.obj</name>
      </input_file>
      <input_file id="fl-7f">
         <path>C:\ti\ccs2040\ccs\tools\compiler\ti-cgt-msp430_21.6.1.LTS\lib\</path>
         <kind>archive</kind>
         <file>rts430x_lc_sd_eabi.lib</file>
         <name>lsl32.asm.obj</name>
      </input_file>
      <input_file id="fl-80">
         <path>C:\ti\ccs2040\ccs\tools\compiler\ti-cgt-msp430_21.6.1.LTS\lib\</path>
         <kind>archive</kind>
         <file>rts430x_lc_sd_eabi.lib</file>
         <name>exit_gvars.c.obj</name>
      </input_file>
      <input_file id="fl-81">
         <path>C:\ti\ccs2040\ccs\tools\compiler\ti-cgt-msp430_21.6.1.LTS\lib\</path>
         <kind>archive</kind>
         <file>rts430x_lc_sd_eabi.lib</file>
         <name>lsr64.c.obj</name>
      </input_file>
      <input_file id="fl-82">
         <path>C:\ti\ccs2040\ccs\tools\compiler\ti-cgt-msp430_21.6.1.LTS\lib\</path>
         <kind>archive</kind>
         <file>rts430x_lc_sd_eabi.lib</file>
         <name>addd.c.obj</name>
      </input_file>
      <input_file id="fl-83">
         <path>C:\ti\ccs2040\ccs\tools\compiler\ti-cgt-msp430_21.6.1.LTS\lib\</path>
         <kind>archive</kind>
         <file>rts430x_lc_sd_eabi.lib</file>
         <name>cmpd.c.obj</name>
      </input_file>
      <input_file id="fl-84">
         <path>C:\ti\ccs2040\ccs\tools\compiler\ti-cgt-msp430_21.6.1.LTS\lib\</path>
         <kind>archive</kind>
         <file>rts430x_lc_sd_eabi.lib</file>
         <name>divd.c.obj</name>
      </input_file>
      <input_file id="fl-85">
         <path>C:\ti\ccs2040\ccs\tools\compiler\ti-cgt-msp430_21.6.1.LTS\lib\</path>
         <kind>archive</kind>
         <file>rts430x_lc_sd_eabi.lib</file>
         <name>frcdivd.c.obj</name>
      </input_file>
      <input_file id="fl-86">
         <path>C:\ti\ccs2040\ccs\tools\compiler\ti-cgt-msp430_21.6.1.LTS\lib\</path>
         <kind>archive</kind>
         <file>rts430x_lc_sd_eabi.lib</file>
         <name>mpyd.c.obj</name>
      </input_file>
      <input_file id="fl-87">
         <path>C:\ti\ccs2040\ccs\tools\compiler\ti-cgt-msp430_21.6.1.LTS\lib\</path>
         <kind>archive</kind>
         <file>rts430x_lc_sd_eabi.lib</file>
         <name>negd.c.obj</name>
      </input_file>
      <input_file id="fl-88">
         <path>C:\ti\ccs2040\ccs\tools\compiler\ti-cgt-msp430_21.6.1.LTS\lib\</path>
         <kind>archive</kind>
         <file>rts430x_lc_sd_eabi.lib</file>
         <name>strcspn.c.obj</name>
      </input_file>
      <input_file id="fl-89">
         <path>C:\ti\ccs2040\ccs\tools\compiler\ti-cgt-msp430_21.6.1.LTS\lib\</path>
         <kind>archive</kind>
         <file>rts430x_lc_sd_eabi.lib</file>
         <name>strspn.c.obj</name>
      </input_file>
      <input_file id="fl-8a">
         <path>C:\ti\ccs2040\ccs\tools\compiler\ti-cgt-msp430_21.6.1.LTS\lib\</path>
         <kind>archive</kind>
         <file>rts430x_lc_sd_eabi.lib</file>
         <name>asr32.asm.obj</name>
      </input_file>
      <input_file id="fl-8b">
         <path>C:\ti\ccs2040\ccs\tools\compiler\ti-cgt-msp430_21.6.1.LTS\lib\</path>
         <kind>archive</kind>
         <file>rts430x_lc_sd_eabi.lib</file>
         <name>asr64.c.obj</name>
      </input_file>
      <input_file id="fl-8c">
         <path>C:\ti\ccs2040\ccs\tools\compiler\ti-cgt-msp430_21.6.1.LTS\lib\</path>
         <kind>archive</kind>
         <file>rts430x_lc_sd_eabi.lib</file>
         <name>lsl64.c.obj</name>
      </input_file>
      <input_file id="fl-8d">
         <path>C:\ti\ccs2040\ccs\tools\compiler\ti-cgt-msp430_21.6.1.LTS\lib\</path>
         <kind>archive</kind>
         <file>rts430x_lc_sd_eabi.lib</file>
         <name>frcmpyd.c.obj</name>
      </input_file>
      <input_file id="fl-8e">
         <path>C:\ti\ccs2040\ccs\tools\compiler\ti-cgt-msp430_21.6.1.LTS\lib\</path>
         <kind>archive</kind>
         <file>rts430x_lc_sd_eabi.lib</file>
         <name>mult3264.asm.obj</name>
      </input_file>
      <input_file id="fl-8f">
         <path>C:\ti\ccs2040\ccs\tools\compiler\ti-cgt-msp430_21.6.1.LTS\lib\</path>
         <kind>archive</kind>
         <file>rts430x_lc_sd_eabi.lib</file>
         <name>mult64.asm.obj</name>
      </input_file>
      <input_file id="fl-90">
         <path>C:\ti\ccs2040\ccs\tools\compiler\ti-cgt-msp430_21.6.1.LTS\lib\</path>
         <kind>archive</kind>
         <file>rts430x_lc_sd_eabi.lib</file>
         <name>mult1632.asm.obj</name>
      </input_file>
   </input_file_list>
   <object_component_list>
      <object_component id="oc-6cf">
         <name>__TI_handler_table</name>
         <load_address>0xc400</load_address>
         <run_address>0xc400</run_address>
         <size>0xc</size>
      </object_component>
      <object_component id="oc-6d2">
         <name>.cinit..data.load</name>
         <load_address>0xc40c</load_address>
         <run_address>0xc40c</run_address>
         <size>0x9</size>
      </object_component>
      <object_component id="oc-6d1">
         <name>.cinit..bss.load</name>
         <load_address>0xc416</load_address>
         <run_address>0xc416</run_address>
         <size>0x6</size>
      </object_component>
      <object_component id="oc-6d0">
         <name>__TI_cinit_table</name>
         <load_address>0xc41c</load_address>
         <run_address>0xc41c</run_address>
         <size>0x10</size>
      </object_component>
      <object_component id="oc-667">
         <name>.binit</name>
         <load_address>0xc42c</load_address>
         <run_address>0xc42c</run_address>
         <size>0x0</size>
      </object_component>
      <object_component id="oc-587">
         <name>.const:.string:_ctypes_</name>
         <load_address>0xc42c</load_address>
         <run_address>0xc42c</run_address>
         <size>0x101</size>
         <input_file_ref idref="fl-6e"/>
      </object_component>
      <object_component id="oc-5af">
         <name>.const:digits</name>
         <load_address>0xc52e</load_address>
         <run_address>0xc52e</run_address>
         <size>0x80</size>
         <input_file_ref idref="fl-77"/>
      </object_component>
      <object_component id="oc-5c4">
         <name>.const:powerof10</name>
         <load_address>0xc5ae</load_address>
         <run_address>0xc5ae</run_address>
         <size>0x48</size>
         <input_file_ref idref="fl-77"/>
      </object_component>
      <object_component id="oc-4c9">
         <name>.const:.string</name>
         <load_address>0xc5f6</load_address>
         <run_address>0xc5f6</run_address>
         <size>0x32</size>
         <input_file_ref idref="fl-18"/>
      </object_component>
      <object_component id="oc-34c">
         <name>.const:.string</name>
         <load_address>0xc628</load_address>
         <run_address>0xc628</run_address>
         <size>0x2c</size>
         <input_file_ref idref="fl-1a"/>
      </object_component>
      <object_component id="oc-5b8">
         <name>.text:__mspabi_addd</name>
         <load_address>0xc654</load_address>
         <run_address>0xc654</run_address>
         <size>0x72a</size>
         <input_file_ref idref="fl-82"/>
      </object_component>
      <object_component id="oc-578">
         <name>.text:strtod</name>
         <load_address>0xcd7e</load_address>
         <run_address>0xcd7e</run_address>
         <size>0x48e</size>
         <input_file_ref idref="fl-77"/>
      </object_component>
      <object_component id="oc-618">
         <name>.text:__TI_frcdivd</name>
         <load_address>0xd20c</load_address>
         <run_address>0xd20c</run_address>
         <size>0x468</size>
         <input_file_ref idref="fl-85"/>
      </object_component>
      <object_component id="oc-35f">
         <name>.text:format_gps_message</name>
         <load_address>0xd674</load_address>
         <run_address>0xd674</run_address>
         <size>0x350</size>
         <input_file_ref idref="fl-1a"/>
      </object_component>
      <object_component id="oc-5b2">
         <name>.text:__mspabi_mpyd</name>
         <load_address>0xd9c4</load_address>
         <run_address>0xd9c4</run_address>
         <size>0x292</size>
         <input_file_ref idref="fl-86"/>
      </object_component>
      <object_component id="oc-5c7">
         <name>.text:__mspabi_divd</name>
         <load_address>0xdc56</load_address>
         <run_address>0xdc56</run_address>
         <size>0x21a</size>
         <input_file_ref idref="fl-84"/>
      </object_component>
      <object_component id="oc-5fa">
         <name>.text:__TI_frcmpyd</name>
         <load_address>0xde70</load_address>
         <run_address>0xde70</run_address>
         <size>0x164</size>
         <input_file_ref idref="fl-8d"/>
      </object_component>
      <object_component id="oc-5d0">
         <name>.text:scalbn</name>
         <load_address>0xdfd4</load_address>
         <run_address>0xdfd4</run_address>
         <size>0x158</size>
         <input_file_ref idref="fl-7c"/>
      </object_component>
      <object_component id="oc-4d0">
         <name>.text:parse_gpgga</name>
         <load_address>0xe12c</load_address>
         <run_address>0xe12c</run_address>
         <size>0x14a</size>
         <input_file_ref idref="fl-18"/>
      </object_component>
      <object_component id="oc-433">
         <name>.text</name>
         <load_address>0xe276</load_address>
         <run_address>0xe276</run_address>
         <size>0x132</size>
         <input_file_ref idref="fl-40"/>
      </object_component>
      <object_component id="oc-2f7">
         <name>.text:main</name>
         <load_address>0xe3a8</load_address>
         <run_address>0xe3a8</run_address>
         <size>0x124</size>
         <input_file_ref idref="fl-1a"/>
      </object_component>
      <object_component id="oc-4d6">
         <name>.text:parse_gprmc</name>
         <load_address>0xe4cc</load_address>
         <run_address>0xe4cc</run_address>
         <size>0x120</size>
         <input_file_ref idref="fl-18"/>
      </object_component>
      <object_component id="oc-3e9">
         <name>.text:uart_init</name>
         <load_address>0xe5ec</load_address>
         <run_address>0xe5ec</run_address>
         <size>0x100</size>
         <input_file_ref idref="fl-1b"/>
      </object_component>
      <object_component id="oc-68">
         <name>.text:decompress:lzss:__TI_decompress_lzss</name>
         <load_address>0xe6ec</load_address>
         <run_address>0xe6ec</run_address>
         <size>0xee</size>
         <input_file_ref idref="fl-67"/>
      </object_component>
      <object_component id="oc-5dc">
         <name>.text:__mspabi_cmpd</name>
         <load_address>0xe7da</load_address>
         <run_address>0xe7da</run_address>
         <size>0xd8</size>
         <input_file_ref idref="fl-83"/>
      </object_component>
      <object_component id="oc-438">
         <name>.text</name>
         <load_address>0xe8b2</load_address>
         <run_address>0xe8b2</run_address>
         <size>0xb8</size>
         <input_file_ref idref="fl-43"/>
      </object_component>
      <object_component id="oc-53e">
         <name>.text:__mspabi_cvtdf</name>
         <load_address>0xe96a</load_address>
         <run_address>0xe96a</run_address>
         <size>0xb2</size>
         <input_file_ref idref="fl-68"/>
      </object_component>
      <object_component id="oc-353">
         <name>.text:gps_read</name>
         <load_address>0xea1c</load_address>
         <run_address>0xea1c</run_address>
         <size>0xa6</size>
         <input_file_ref idref="fl-18"/>
      </object_component>
      <object_component id="oc-54a">
         <name>.text:nmea_to_decimal</name>
         <load_address>0xeac2</load_address>
         <run_address>0xeac2</run_address>
         <size>0x98</size>
         <input_file_ref idref="fl-18"/>
      </object_component>
      <object_component id="oc-592">
         <name>.text</name>
         <load_address>0xeb5a</load_address>
         <run_address>0xeb5a</run_address>
         <size>0x90</size>
         <input_file_ref idref="fl-41"/>
      </object_component>
      <object_component id="oc-429">
         <name>.text</name>
         <load_address>0xebea</load_address>
         <run_address>0xebea</run_address>
         <size>0x7e</size>
         <input_file_ref idref="fl-45"/>
      </object_component>
      <object_component id="oc-3a1">
         <name>.text:__TI_auto_init_nobinit_nopinit_hold_wdt:__TI_auto_init_nobinit_nopinit_hold_wdt</name>
         <load_address>0xec68</load_address>
         <run_address>0xec68</run_address>
         <size>0x6a</size>
         <input_file_ref idref="fl-60"/>
      </object_component>
      <object_component id="oc-41a">
         <name>.text:parse_nmea_sentence</name>
         <load_address>0xecd2</load_address>
         <run_address>0xecd2</run_address>
         <size>0x60</size>
         <input_file_ref idref="fl-18"/>
      </object_component>
      <object_component id="oc-639">
         <name>.text:__mpyll</name>
         <load_address>0xed32</load_address>
         <run_address>0xed32</run_address>
         <size>0x5c</size>
         <input_file_ref idref="fl-5e"/>
      </object_component>
      <object_component id="oc-49a">
         <name>.text</name>
         <load_address>0xed8e</load_address>
         <run_address>0xed8e</run_address>
         <size>0x58</size>
         <input_file_ref idref="fl-3f"/>
      </object_component>
      <object_component id="oc-544">
         <name>.text:atoi</name>
         <load_address>0xede6</load_address>
         <run_address>0xede6</run_address>
         <size>0x52</size>
         <input_file_ref idref="fl-6d"/>
      </object_component>
      <object_component id="oc-371">
         <name>.text:lora_receive</name>
         <load_address>0xee38</load_address>
         <run_address>0xee38</run_address>
         <size>0x52</size>
         <input_file_ref idref="fl-19"/>
      </object_component>
      <object_component id="oc-450">
         <name>.text:uart_read_until</name>
         <load_address>0xee8a</load_address>
         <run_address>0xee8a</run_address>
         <size>0x50</size>
         <input_file_ref idref="fl-1b"/>
      </object_component>
      <object_component id="oc-42e">
         <name>.text</name>
         <load_address>0xeeda</load_address>
         <run_address>0xeeda</run_address>
         <size>0x4a</size>
         <input_file_ref idref="fl-42"/>
      </object_component>
      <object_component id="oc-52c">
         <name>.text:strtok</name>
         <load_address>0xef24</load_address>
         <run_address>0xef24</run_address>
         <size>0x4a</size>
         <input_file_ref idref="fl-78"/>
      </object_component>
      <object_component id="oc-26e">
         <name>.text:__memcpy_far</name>
         <load_address>0xef6e</load_address>
         <run_address>0xef6e</run_address>
         <size>0x40</size>
         <input_file_ref idref="fl-7e"/>
      </object_component>
      <object_component id="oc-607">
         <name>.text:__mspabi_srall</name>
         <load_address>0xefae</load_address>
         <run_address>0xefae</run_address>
         <size>0x40</size>
         <input_file_ref idref="fl-8b"/>
      </object_component>
      <object_component id="oc-43d">
         <name>.text</name>
         <load_address>0xefee</load_address>
         <run_address>0xefee</run_address>
         <size>0x40</size>
         <input_file_ref idref="fl-3e"/>
      </object_component>
      <object_component id="oc-291">
         <name>.text:decompress:ZI:__TI_zero_init_nomemset:__TI_zero_init_nomemset</name>
         <load_address>0xf02e</load_address>
         <run_address>0xf02e</run_address>
         <size>0x3e</size>
         <input_file_ref idref="fl-61"/>
      </object_component>
      <object_component id="oc-650">
         <name>.text:l_asr_const</name>
         <load_address>0xf06c</load_address>
         <run_address>0xf06c</run_address>
         <size>0x3e</size>
         <input_file_ref idref="fl-8a"/>
      </object_component>
      <object_component id="oc-580">
         <name>.text:l_lsl_const</name>
         <load_address>0xf0aa</load_address>
         <run_address>0xf0aa</run_address>
         <size>0x3e</size>
         <input_file_ref idref="fl-7f"/>
      </object_component>
      <object_component id="oc-49f">
         <name>.text:l_lsr_const</name>
         <load_address>0xf0e8</load_address>
         <run_address>0xf0e8</run_address>
         <size>0x3e</size>
         <input_file_ref idref="fl-57"/>
      </object_component>
      <object_component id="oc-340">
         <name>.text:lora_init</name>
         <load_address>0xf126</load_address>
         <run_address>0xf126</run_address>
         <size>0x3e</size>
         <input_file_ref idref="fl-19"/>
      </object_component>
      <object_component id="oc-6e">
         <name>.text:decompress:none:__TI_decompress_none</name>
         <load_address>0xf164</load_address>
         <run_address>0xf164</run_address>
         <size>0x3c</size>
         <input_file_ref idref="fl-66"/>
      </object_component>
      <object_component id="oc-60d">
         <name>.text:__mspabi_sllll</name>
         <load_address>0xf1a0</load_address>
         <run_address>0xf1a0</run_address>
         <size>0x3a</size>
         <input_file_ref idref="fl-8c"/>
      </object_component>
      <object_component id="oc-643">
         <name>.text:__mspabi_srlll</name>
         <load_address>0xf1da</load_address>
         <run_address>0xf1da</run_address>
         <size>0x3a</size>
         <input_file_ref idref="fl-81"/>
      </object_component>
      <object_component id="oc-34d">
         <name>.text:lora_send</name>
         <load_address>0xf214</load_address>
         <run_address>0xf214</run_address>
         <size>0x32</size>
         <input_file_ref idref="fl-19"/>
      </object_component>
      <object_component id="oc-622">
         <name>.text:copysign</name>
         <load_address>0xf246</load_address>
         <run_address>0xf246</run_address>
         <size>0x2e</size>
         <input_file_ref idref="fl-7d"/>
      </object_component>
      <object_component id="oc-63e">
         <name>.text:__mpyull</name>
         <load_address>0xf274</load_address>
         <run_address>0xf274</run_address>
         <size>0x2c</size>
         <input_file_ref idref="fl-5d"/>
      </object_component>
      <object_component id="oc-447">
         <name>.text</name>
         <load_address>0xf2a0</load_address>
         <run_address>0xf2a0</run_address>
         <size>0x2c</size>
         <input_file_ref idref="fl-3c"/>
      </object_component>
      <object_component id="oc-526">
         <name>.text:strncpy</name>
         <load_address>0xf2cc</load_address>
         <run_address>0xf2cc</run_address>
         <size>0x2c</size>
         <input_file_ref idref="fl-76"/>
      </object_component>
      <object_component id="oc-5be">
         <name>.text:__mspabi_negd</name>
         <load_address>0xf2f8</load_address>
         <run_address>0xf2f8</run_address>
         <size>0x2a</size>
         <input_file_ref idref="fl-87"/>
      </object_component>
      <object_component id="oc-4ca">
         <name>.text:strncmp</name>
         <load_address>0xf322</load_address>
         <run_address>0xf322</run_address>
         <size>0x2a</size>
         <input_file_ref idref="fl-75"/>
      </object_component>
      <object_component id="oc-4c2">
         <name>.text:buffer_read</name>
         <load_address>0xf34c</load_address>
         <run_address>0xf34c</run_address>
         <size>0x28</size>
         <input_file_ref idref="fl-1b"/>
      </object_component>
      <object_component id="oc-56e">
         <name>.text:strcspn</name>
         <load_address>0xf374</load_address>
         <run_address>0xf374</run_address>
         <size>0x28</size>
         <input_file_ref idref="fl-88"/>
      </object_component>
      <object_component id="oc-568">
         <name>.text:strspn</name>
         <load_address>0xf39c</load_address>
         <run_address>0xf39c</run_address>
         <size>0x28</size>
         <input_file_ref idref="fl-89"/>
      </object_component>
      <object_component id="oc-4bb">
         <name>.text:buffer_available</name>
         <load_address>0xf3c4</load_address>
         <run_address>0xf3c4</run_address>
         <size>0x24</size>
         <input_file_ref idref="fl-1b"/>
      </object_component>
      <object_component id="oc-33a">
         <name>.text:delay_ms</name>
         <load_address>0xf3e8</load_address>
         <run_address>0xf3e8</run_address>
         <size>0x24</size>
         <input_file_ref idref="fl-1a"/>
      </object_component>
      <object_component id="oc-442">
         <name>.text</name>
         <load_address>0xf40c</load_address>
         <run_address>0xf40c</run_address>
         <size>0x24</size>
         <input_file_ref idref="fl-5c"/>
      </object_component>
      <object_component id="oc-404">
         <name>.text:uart_write_byte</name>
         <load_address>0xf430</load_address>
         <run_address>0xf430</run_address>
         <size>0x24</size>
         <input_file_ref idref="fl-1b"/>
      </object_component>
      <object_component id="oc-414">
         <name>.text:uart_read_byte</name>
         <load_address>0xf454</load_address>
         <run_address>0xf454</run_address>
         <size>0x22</size>
         <input_file_ref idref="fl-1b"/>
      </object_component>
      <object_component id="oc-2db">
         <name>.text:buffer_write</name>
         <load_address>0xf476</load_address>
         <run_address>0xf476</run_address>
         <size>0x20</size>
         <input_file_ref idref="fl-1b"/>
      </object_component>
      <object_component id="oc-2a3">
         <name>.text:_isr:_c_int00_noargs</name>
         <load_address>0xf496</load_address>
         <run_address>0xf496</run_address>
         <size>0x1c</size>
         <input_file_ref idref="fl-5f"/>
      </object_component>
      <object_component id="oc-285">
         <name>.text:_isr:USCI_A0_ISR</name>
         <load_address>0xf4b2</load_address>
         <run_address>0xf4b2</run_address>
         <size>0x1a</size>
         <input_file_ref idref="fl-1b"/>
      </object_component>
      <object_component id="oc-27f">
         <name>.text:_isr:USCI_A1_ISR</name>
         <load_address>0xf4cc</load_address>
         <run_address>0xf4cc</run_address>
         <size>0x1a</size>
         <input_file_ref idref="fl-1b"/>
      </object_component>
      <object_component id="oc-359">
         <name>.text:gps_get_data</name>
         <load_address>0xf4e6</load_address>
         <run_address>0xf4e6</run_address>
         <size>0x1a</size>
         <input_file_ref idref="fl-18"/>
      </object_component>
      <object_component id="oc-346">
         <name>.text:gps_init</name>
         <load_address>0xf500</load_address>
         <run_address>0xf500</run_address>
         <size>0x1a</size>
         <input_file_ref idref="fl-18"/>
      </object_component>
      <object_component id="oc-365">
         <name>.text:strcat</name>
         <load_address>0xf51a</load_address>
         <run_address>0xf51a</run_address>
         <size>0x1a</size>
         <input_file_ref idref="fl-71"/>
      </object_component>
      <object_component id="oc-58c">
         <name>.text:strchr</name>
         <load_address>0xf534</load_address>
         <run_address>0xf534</run_address>
         <size>0x1a</size>
         <input_file_ref idref="fl-72"/>
      </object_component>
      <object_component id="oc-3df">
         <name>.text:timer_init</name>
         <load_address>0xf54e</load_address>
         <run_address>0xf54e</run_address>
         <size>0x1a</size>
         <input_file_ref idref="fl-1a"/>
      </object_component>
      <object_component id="oc-40e">
         <name>.text:uart_available</name>
         <load_address>0xf568</load_address>
         <run_address>0xf568</run_address>
         <size>0x1a</size>
         <input_file_ref idref="fl-1b"/>
      </object_component>
      <object_component id="oc-48f">
         <name>.text</name>
         <load_address>0xf582</load_address>
         <run_address>0xf582</run_address>
         <size>0x18</size>
         <input_file_ref idref="fl-59"/>
      </object_component>
      <object_component id="oc-4e7">
         <name>.text</name>
         <load_address>0xf59a</load_address>
         <run_address>0xf59a</run_address>
         <size>0x16</size>
         <input_file_ref idref="fl-3d"/>
      </object_component>
      <object_component id="oc-3fe">
         <name>.text:uart_write_string</name>
         <load_address>0xf5b0</load_address>
         <run_address>0xf5b0</run_address>
         <size>0x16</size>
         <input_file_ref idref="fl-1b"/>
      </object_component>
      <object_component id="oc-532">
         <name>.text:memset</name>
         <load_address>0xf5c6</load_address>
         <run_address>0xf5c6</run_address>
         <size>0x14</size>
         <input_file_ref idref="fl-70"/>
      </object_component>
      <object_component id="oc-421">
         <name>.text:memcpy</name>
         <load_address>0xf5da</load_address>
         <run_address>0xf5da</run_address>
         <size>0x12</size>
         <input_file_ref idref="fl-6f"/>
      </object_component>
      <object_component id="oc-377">
         <name>.text:strcpy</name>
         <load_address>0xf5ec</load_address>
         <run_address>0xf5ec</run_address>
         <size>0x10</size>
         <input_file_ref idref="fl-73"/>
      </object_component>
      <object_component id="oc-328">
         <name>.text:system_init</name>
         <load_address>0xf5fc</load_address>
         <run_address>0xf5fc</run_address>
         <size>0x10</size>
         <input_file_ref idref="fl-1a"/>
      </object_component>
      <object_component id="oc-3f8">
         <name>.text:strlen</name>
         <load_address>0xf60c</load_address>
         <run_address>0xf60c</run_address>
         <size>0xe</size>
         <input_file_ref idref="fl-74"/>
      </object_component>
      <object_component id="oc-5a9">
         <name>.text:toupper</name>
         <load_address>0xf61a</load_address>
         <run_address>0xf61a</run_address>
         <size>0xc</size>
         <input_file_ref idref="fl-79"/>
      </object_component>
      <object_component id="oc-28b">
         <name>.text:_isr:Timer_A0_ISR</name>
         <load_address>0xf626</load_address>
         <run_address>0xf626</run_address>
         <size>0xa</size>
         <input_file_ref idref="fl-1a"/>
      </object_component>
      <object_component id="oc-5d6">
         <name>.text:abs</name>
         <load_address>0xf630</load_address>
         <run_address>0xf630</run_address>
         <size>0xa</size>
         <input_file_ref idref="fl-7a"/>
      </object_component>
      <object_component id="oc-494">
         <name>.text:buffer_clear</name>
         <load_address>0xf63a</load_address>
         <run_address>0xf63a</run_address>
         <size>0xa</size>
         <input_file_ref idref="fl-1b"/>
      </object_component>
      <object_component id="oc-32e">
         <name>.text:led_init</name>
         <load_address>0xf644</load_address>
         <run_address>0xf644</run_address>
         <size>0xa</size>
         <input_file_ref idref="fl-1a"/>
      </object_component>
      <object_component id="oc-597">
         <name>.text</name>
         <load_address>0xf64e</load_address>
         <run_address>0xf64e</run_address>
         <size>0xa</size>
         <input_file_ref idref="fl-44"/>
      </object_component>
      <object_component id="oc-27a">
         <name>.text:_isr:__TI_ISR_TRAP</name>
         <load_address>0xf658</load_address>
         <run_address>0xf658</run_address>
         <size>0x8</size>
         <input_file_ref idref="fl-55"/>
      </object_component>
      <object_component id="oc-36b">
         <name>.text:lora_available</name>
         <load_address>0xf660</load_address>
         <run_address>0xf660</run_address>
         <size>0x8</size>
         <input_file_ref idref="fl-19"/>
      </object_component>
      <object_component id="oc-37d">
         <name>.text:abort</name>
         <load_address>0xf668</load_address>
         <run_address>0xf668</run_address>
         <size>0x6</size>
         <input_file_ref idref="fl-69"/>
      </object_component>
      <object_component id="oc-538">
         <name>.text:atof</name>
         <load_address>0xf66e</load_address>
         <run_address>0xf66e</run_address>
         <size>0x6</size>
         <input_file_ref idref="fl-6c"/>
      </object_component>
      <object_component id="oc-3d9">
         <name>.text:clock_init</name>
         <load_address>0xf674</load_address>
         <run_address>0xf674</run_address>
         <size>0x6</size>
         <input_file_ref idref="fl-1a"/>
      </object_component>
      <object_component id="oc-334">
         <name>.text:led_toggle</name>
         <load_address>0xf67a</load_address>
         <run_address>0xf67a</run_address>
         <size>0x6</size>
         <input_file_ref idref="fl-1a"/>
      </object_component>
      <object_component id="oc-2f1">
         <name>.text:_system_pre_init</name>
         <load_address>0xf680</load_address>
         <run_address>0xf680</run_address>
         <size>0x4</size>
         <input_file_ref idref="fl-64"/>
      </object_component>
      <object_component id="oc-46b">
         <name>.text:_system_post_cinit</name>
         <load_address>0xf684</load_address>
         <run_address>0xf684</run_address>
         <size>0x2</size>
         <input_file_ref idref="fl-65"/>
      </object_component>
      <object_component id="oc-40b">
         <name>.bss:nmea_sentence</name>
         <uninitialized>true</uninitialized>
         <run_address>0x212a</run_address>
         <size>0x80</size>
         <input_file_ref idref="fl-18"/>
      </object_component>
      <object_component id="oc-3f1">
         <name>.data</name>
         <load_address>0x2124</load_address>
         <run_address>0x2124</run_address>
         <size>0x2</size>
         <input_file_ref idref="fl-18"/>
      </object_component>
      <object_component id="oc-3f4">
         <name>.data:current_gps_data</name>
         <load_address>0x2108</load_address>
         <run_address>0x2108</run_address>
         <size>0x14</size>
         <input_file_ref idref="fl-18"/>
      </object_component>
      <object_component id="oc-2e3">
         <name>.data</name>
         <load_address>0x211c</load_address>
         <run_address>0x211c</run_address>
         <size>0x8</size>
         <input_file_ref idref="fl-1a"/>
      </object_component>
      <object_component id="oc-2d8">
         <name>.data:rx_buffers</name>
         <load_address>0x2000</load_address>
         <run_address>0x2000</run_address>
         <size>0x108</size>
         <input_file_ref idref="fl-1b"/>
      </object_component>
      <object_component id="oc-565">
         <name>.data</name>
         <load_address>0x2128</load_address>
         <run_address>0x2128</run_address>
         <size>0x2</size>
         <input_file_ref idref="fl-78"/>
      </object_component>
      <object_component id="oc-5cd">
         <name>.data</name>
         <load_address>0x2126</load_address>
         <run_address>0x2126</run_address>
         <size>0x2</size>
         <input_file_ref idref="fl-7b"/>
      </object_component>
      <object_component id="oc-25f">
         <name>.stack</name>
         <uninitialized>true</uninitialized>
         <run_address>0x2f60</run_address>
         <size>0x2</size>
         <input_file_ref idref="fl-5f"/>
      </object_component>
      <object_component id="oc-6d3">
         <name>.stack</name>
         <uninitialized>true</uninitialized>
         <run_address>0x2f60</run_address>
         <size>0x0</size>
      </object_component>
      <object_component id="oc-74">
         <name>.int41</name>
         <load_address>0xffda</load_address>
         <run_address>0xffda</run_address>
         <size>0x2</size>
         <input_file_ref idref="fl-46"/>
      </object_component>
      <object_component id="oc-75">
         <name>.int42</name>
         <load_address>0xffdc</load_address>
         <run_address>0xffdc</run_address>
         <size>0x2</size>
         <input_file_ref idref="fl-47"/>
      </object_component>
      <object_component id="oc-76">
         <name>.int43</name>
         <load_address>0xffde</load_address>
         <run_address>0xffde</run_address>
         <size>0x2</size>
         <input_file_ref idref="fl-48"/>
      </object_component>
      <object_component id="oc-77">
         <name>.int44</name>
         <load_address>0xffe0</load_address>
         <run_address>0xffe0</run_address>
         <size>0x2</size>
         <input_file_ref idref="fl-49"/>
      </object_component>
      <object_component id="oc-78">
         <name>.int45</name>
         <load_address>0xffe2</load_address>
         <run_address>0xffe2</run_address>
         <size>0x2</size>
         <input_file_ref idref="fl-1b"/>
      </object_component>
      <object_component id="oc-79">
         <name>.int46</name>
         <load_address>0xffe4</load_address>
         <run_address>0xffe4</run_address>
         <size>0x2</size>
         <input_file_ref idref="fl-1b"/>
      </object_component>
      <object_component id="oc-7a">
         <name>.int47</name>
         <load_address>0xffe6</load_address>
         <run_address>0xffe6</run_address>
         <size>0x2</size>
         <input_file_ref idref="fl-4a"/>
      </object_component>
      <object_component id="oc-7b">
         <name>.int48</name>
         <load_address>0xffe8</load_address>
         <run_address>0xffe8</run_address>
         <size>0x2</size>
         <input_file_ref idref="fl-4b"/>
      </object_component>
      <object_component id="oc-7c">
         <name>.int49</name>
         <load_address>0xffea</load_address>
         <run_address>0xffea</run_address>
         <size>0x2</size>
         <input_file_ref idref="fl-4c"/>
      </object_component>
      <object_component id="oc-7d">
         <name>.int50</name>
         <load_address>0xffec</load_address>
         <run_address>0xffec</run_address>
         <size>0x2</size>
         <input_file_ref idref="fl-4d"/>
      </object_component>
      <object_component id="oc-7e">
         <name>.int51</name>
         <load_address>0xffee</load_address>
         <run_address>0xffee</run_address>
         <size>0x2</size>
         <input_file_ref idref="fl-4e"/>
      </object_component>
      <object_component id="oc-7f">
         <name>.int52</name>
         <load_address>0xfff0</load_address>
         <run_address>0xfff0</run_address>
         <size>0x2</size>
         <input_file_ref idref="fl-4f"/>
      </object_component>
      <object_component id="oc-80">
         <name>.int53</name>
         <load_address>0xfff2</load_address>
         <run_address>0xfff2</run_address>
         <size>0x2</size>
         <input_file_ref idref="fl-50"/>
      </object_component>
      <object_component id="oc-81">
         <name>.int54</name>
         <load_address>0xfff4</load_address>
         <run_address>0xfff4</run_address>
         <size>0x2</size>
         <input_file_ref idref="fl-51"/>
      </object_component>
      <object_component id="oc-82">
         <name>.int55</name>
         <load_address>0xfff6</load_address>
         <run_address>0xfff6</run_address>
         <size>0x2</size>
         <input_file_ref idref="fl-52"/>
      </object_component>
      <object_component id="oc-83">
         <name>.int56</name>
         <load_address>0xfff8</load_address>
         <run_address>0xfff8</run_address>
         <size>0x2</size>
         <input_file_ref idref="fl-1a"/>
      </object_component>
      <object_component id="oc-84">
         <name>.int57</name>
         <load_address>0xfffa</load_address>
         <run_address>0xfffa</run_address>
         <size>0x2</size>
         <input_file_ref idref="fl-53"/>
      </object_component>
      <object_component id="oc-85">
         <name>.int58</name>
         <load_address>0xfffc</load_address>
         <run_address>0xfffc</run_address>
         <size>0x2</size>
         <input_file_ref idref="fl-54"/>
      </object_component>
      <object_component id="oc-262">
         <name>.reset</name>
         <load_address>0xfffe</load_address>
         <run_address>0xfffe</run_address>
         <size>0x2</size>
         <input_file_ref idref="fl-5f"/>
      </object_component>
      <object_component id="oc-48c">
         <name>.debug_info</name>
         <load_address>0x0</load_address>
         <run_address>0x0</run_address>
         <size>0x17c</size>
         <input_file_ref idref="fl-2"/>
      </object_component>
      <object_component id="oc-3c3">
         <name>.debug_info</name>
         <load_address>0x17c</load_address>
         <run_address>0x17c</run_address>
         <size>0x26b</size>
         <input_file_ref idref="fl-2"/>
      </object_component>
      <object_component id="oc-31f">
         <name>.debug_info</name>
         <load_address>0x3e7</load_address>
         <run_address>0x3e7</run_address>
         <size>0x8b</size>
         <input_file_ref idref="fl-2"/>
      </object_component>
      <object_component id="oc-3cd">
         <name>.debug_info</name>
         <load_address>0x472</load_address>
         <run_address>0x472</run_address>
         <size>0x282</size>
         <input_file_ref idref="fl-2"/>
      </object_component>
      <object_component id="oc-319">
         <name>.debug_info</name>
         <load_address>0x6f4</load_address>
         <run_address>0x6f4</run_address>
         <size>0xbb</size>
         <input_file_ref idref="fl-2"/>
      </object_component>
      <object_component id="oc-269">
         <name>.debug_info</name>
         <load_address>0x7af</load_address>
         <run_address>0x7af</run_address>
         <size>0x84</size>
         <input_file_ref idref="fl-3"/>
      </object_component>
      <object_component id="oc-428">
         <name>.debug_info</name>
         <load_address>0x833</load_address>
         <run_address>0x833</run_address>
         <size>0x400</size>
         <input_file_ref idref="fl-18"/>
      </object_component>
      <object_component id="oc-40c">
         <name>.debug_info</name>
         <load_address>0xc33</load_address>
         <run_address>0xc33</run_address>
         <size>0x104</size>
         <input_file_ref idref="fl-18"/>
      </object_component>
      <object_component id="oc-3f2">
         <name>.debug_info</name>
         <load_address>0xd37</load_address>
         <run_address>0xd37</run_address>
         <size>0x126</size>
         <input_file_ref idref="fl-18"/>
      </object_component>
      <object_component id="oc-3f5">
         <name>.debug_info</name>
         <load_address>0xe5d</load_address>
         <run_address>0xe5d</run_address>
         <size>0x10a</size>
         <input_file_ref idref="fl-18"/>
      </object_component>
      <object_component id="oc-54b">
         <name>.debug_info</name>
         <load_address>0xf67</load_address>
         <run_address>0xf67</run_address>
         <size>0x2b3</size>
         <input_file_ref idref="fl-18"/>
      </object_component>
      <object_component id="oc-4d2">
         <name>.debug_info</name>
         <load_address>0x121a</load_address>
         <run_address>0x121a</run_address>
         <size>0x2ea</size>
         <input_file_ref idref="fl-18"/>
      </object_component>
      <object_component id="oc-4d7">
         <name>.debug_info</name>
         <load_address>0x1504</load_address>
         <run_address>0x1504</run_address>
         <size>0x2d5</size>
         <input_file_ref idref="fl-18"/>
      </object_component>
      <object_component id="oc-41b">
         <name>.debug_info</name>
         <load_address>0x17d9</load_address>
         <run_address>0x17d9</run_address>
         <size>0x1d2</size>
         <input_file_ref idref="fl-18"/>
      </object_component>
      <object_component id="oc-354">
         <name>.debug_info</name>
         <load_address>0x19ab</load_address>
         <run_address>0x19ab</run_address>
         <size>0x17f</size>
         <input_file_ref idref="fl-18"/>
      </object_component>
      <object_component id="oc-347">
         <name>.debug_info</name>
         <load_address>0x1b2a</load_address>
         <run_address>0x1b2a</run_address>
         <size>0x13b</size>
         <input_file_ref idref="fl-18"/>
      </object_component>
      <object_component id="oc-35a">
         <name>.debug_info</name>
         <load_address>0x1c65</load_address>
         <run_address>0x1c65</run_address>
         <size>0x166</size>
         <input_file_ref idref="fl-18"/>
      </object_component>
      <object_component id="oc-4a5">
         <name>.debug_info</name>
         <load_address>0x1dcb</load_address>
         <run_address>0x1dcb</run_address>
         <size>0x51</size>
         <input_file_ref idref="fl-18"/>
      </object_component>
      <object_component id="oc-3d4">
         <name>.debug_info</name>
         <load_address>0x1e1c</load_address>
         <run_address>0x1e1c</run_address>
         <size>0xc2</size>
         <input_file_ref idref="fl-18"/>
      </object_component>
      <object_component id="oc-4ac">
         <name>.debug_info</name>
         <load_address>0x1ede</load_address>
         <run_address>0x1ede</run_address>
         <size>0x2c</size>
         <input_file_ref idref="fl-18"/>
      </object_component>
      <object_component id="oc-3c8">
         <name>.debug_info</name>
         <load_address>0x1f0a</load_address>
         <run_address>0x1f0a</run_address>
         <size>0x35</size>
         <input_file_ref idref="fl-18"/>
      </object_component>
      <object_component id="oc-3f0">
         <name>.debug_info</name>
         <load_address>0x1f3f</load_address>
         <run_address>0x1f3f</run_address>
         <size>0x2a9</size>
         <input_file_ref idref="fl-19"/>
      </object_component>
      <object_component id="oc-34e">
         <name>.debug_info</name>
         <load_address>0x21e8</load_address>
         <run_address>0x21e8</run_address>
         <size>0x18d</size>
         <input_file_ref idref="fl-19"/>
      </object_component>
      <object_component id="oc-372">
         <name>.debug_info</name>
         <load_address>0x2375</load_address>
         <run_address>0x2375</run_address>
         <size>0x1d5</size>
         <input_file_ref idref="fl-19"/>
      </object_component>
      <object_component id="oc-341">
         <name>.debug_info</name>
         <load_address>0x254a</load_address>
         <run_address>0x254a</run_address>
         <size>0x150</size>
         <input_file_ref idref="fl-19"/>
      </object_component>
      <object_component id="oc-36e">
         <name>.debug_info</name>
         <load_address>0x269a</load_address>
         <run_address>0x269a</run_address>
         <size>0x153</size>
         <input_file_ref idref="fl-19"/>
      </object_component>
      <object_component id="oc-324">
         <name>.debug_info</name>
         <load_address>0x27ed</load_address>
         <run_address>0x27ed</run_address>
         <size>0x47d</size>
         <input_file_ref idref="fl-1a"/>
      </object_component>
      <object_component id="oc-2e7">
         <name>.debug_info</name>
         <load_address>0x2c6a</load_address>
         <run_address>0x2c6a</run_address>
         <size>0x106</size>
         <input_file_ref idref="fl-1a"/>
      </object_component>
      <object_component id="oc-3e1">
         <name>.debug_info</name>
         <load_address>0x2d70</load_address>
         <run_address>0x2d70</run_address>
         <size>0x132</size>
         <input_file_ref idref="fl-1a"/>
      </object_component>
      <object_component id="oc-3da">
         <name>.debug_info</name>
         <load_address>0x2ea2</load_address>
         <run_address>0x2ea2</run_address>
         <size>0x132</size>
         <input_file_ref idref="fl-1a"/>
      </object_component>
      <object_component id="oc-32a">
         <name>.debug_info</name>
         <load_address>0x2fd4</load_address>
         <run_address>0x2fd4</run_address>
         <size>0x156</size>
         <input_file_ref idref="fl-1a"/>
      </object_component>
      <object_component id="oc-330">
         <name>.debug_info</name>
         <load_address>0x312a</load_address>
         <run_address>0x312a</run_address>
         <size>0x12e</size>
         <input_file_ref idref="fl-1a"/>
      </object_component>
      <object_component id="oc-335">
         <name>.debug_info</name>
         <load_address>0x3258</load_address>
         <run_address>0x3258</run_address>
         <size>0x132</size>
         <input_file_ref idref="fl-1a"/>
      </object_component>
      <object_component id="oc-33c">
         <name>.debug_info</name>
         <load_address>0x338a</load_address>
         <run_address>0x338a</run_address>
         <size>0x16a</size>
         <input_file_ref idref="fl-1a"/>
      </object_component>
      <object_component id="oc-360">
         <name>.debug_info</name>
         <load_address>0x34f4</load_address>
         <run_address>0x34f4</run_address>
         <size>0x486</size>
         <input_file_ref idref="fl-1a"/>
      </object_component>
      <object_component id="oc-2e4">
         <name>.debug_info</name>
         <load_address>0x397a</load_address>
         <run_address>0x397a</run_address>
         <size>0x34f</size>
         <input_file_ref idref="fl-1a"/>
      </object_component>
      <object_component id="oc-28d">
         <name>.debug_info</name>
         <load_address>0x3cc9</load_address>
         <run_address>0x3cc9</run_address>
         <size>0x13a</size>
         <input_file_ref idref="fl-1a"/>
      </object_component>
      <object_component id="oc-317">
         <name>.debug_info</name>
         <load_address>0x3e03</load_address>
         <run_address>0x3e03</run_address>
         <size>0x3c5</size>
         <input_file_ref idref="fl-1b"/>
      </object_component>
      <object_component id="oc-2d9">
         <name>.debug_info</name>
         <load_address>0x41c8</load_address>
         <run_address>0x41c8</run_address>
         <size>0x107</size>
         <input_file_ref idref="fl-1b"/>
      </object_component>
      <object_component id="oc-405">
         <name>.debug_info</name>
         <load_address>0x42cf</load_address>
         <run_address>0x42cf</run_address>
         <size>0x1a0</size>
         <input_file_ref idref="fl-1b"/>
      </object_component>
      <object_component id="oc-3ff">
         <name>.debug_info</name>
         <load_address>0x446f</load_address>
         <run_address>0x446f</run_address>
         <size>0x1a1</size>
         <input_file_ref idref="fl-1b"/>
      </object_component>
      <object_component id="oc-4c5">
         <name>.debug_info</name>
         <load_address>0x4610</load_address>
         <run_address>0x4610</run_address>
         <size>0x18f</size>
         <input_file_ref idref="fl-1b"/>
      </object_component>
      <object_component id="oc-453">
         <name>.debug_info</name>
         <load_address>0x479f</load_address>
         <run_address>0x479f</run_address>
         <size>0x26e</size>
         <input_file_ref idref="fl-1b"/>
      </object_component>
      <object_component id="oc-417">
         <name>.debug_info</name>
         <load_address>0x4a0d</load_address>
         <run_address>0x4a0d</run_address>
         <size>0x1c8</size>
         <input_file_ref idref="fl-1b"/>
      </object_component>
      <object_component id="oc-495">
         <name>.debug_info</name>
         <load_address>0x4bd5</load_address>
         <run_address>0x4bd5</run_address>
         <size>0x16b</size>
         <input_file_ref idref="fl-1b"/>
      </object_component>
      <object_component id="oc-3eb">
         <name>.debug_info</name>
         <load_address>0x4d40</load_address>
         <run_address>0x4d40</run_address>
         <size>0x23c</size>
         <input_file_ref idref="fl-1b"/>
      </object_component>
      <object_component id="oc-4bd">
         <name>.debug_info</name>
         <load_address>0x4f7c</load_address>
         <run_address>0x4f7c</run_address>
         <size>0x177</size>
         <input_file_ref idref="fl-1b"/>
      </object_component>
      <object_component id="oc-410">
         <name>.debug_info</name>
         <load_address>0x50f3</load_address>
         <run_address>0x50f3</run_address>
         <size>0x1ab</size>
         <input_file_ref idref="fl-1b"/>
      </object_component>
      <object_component id="oc-2dd">
         <name>.debug_info</name>
         <load_address>0x529e</load_address>
         <run_address>0x529e</run_address>
         <size>0x1a8</size>
         <input_file_ref idref="fl-1b"/>
      </object_component>
      <object_component id="oc-280">
         <name>.debug_info</name>
         <load_address>0x5446</load_address>
         <run_address>0x5446</run_address>
         <size>0x163</size>
         <input_file_ref idref="fl-1b"/>
      </object_component>
      <object_component id="oc-286">
         <name>.debug_info</name>
         <load_address>0x55a9</load_address>
         <run_address>0x55a9</run_address>
         <size>0x163</size>
         <input_file_ref idref="fl-1b"/>
      </object_component>
      <object_component id="oc-3be">
         <name>.debug_info</name>
         <load_address>0x570c</load_address>
         <run_address>0x570c</run_address>
         <size>0x74</size>
         <input_file_ref idref="fl-1b"/>
      </object_component>
      <object_component id="oc-44a">
         <name>.debug_info</name>
         <load_address>0x5780</load_address>
         <run_address>0x5780</run_address>
         <size>0x135</size>
         <input_file_ref idref="fl-3c"/>
      </object_component>
      <object_component id="oc-4ea">
         <name>.debug_info</name>
         <load_address>0x58b5</load_address>
         <run_address>0x58b5</run_address>
         <size>0x121</size>
         <input_file_ref idref="fl-3d"/>
      </object_component>
      <object_component id="oc-43e">
         <name>.debug_info</name>
         <load_address>0x59d6</load_address>
         <run_address>0x59d6</run_address>
         <size>0x138</size>
         <input_file_ref idref="fl-3e"/>
      </object_component>
      <object_component id="oc-49d">
         <name>.debug_info</name>
         <load_address>0x5b0e</load_address>
         <run_address>0x5b0e</run_address>
         <size>0x123</size>
         <input_file_ref idref="fl-3f"/>
      </object_component>
      <object_component id="oc-434">
         <name>.debug_info</name>
         <load_address>0x5c31</load_address>
         <run_address>0x5c31</run_address>
         <size>0x121</size>
         <input_file_ref idref="fl-40"/>
      </object_component>
      <object_component id="oc-593">
         <name>.debug_info</name>
         <load_address>0x5d52</load_address>
         <run_address>0x5d52</run_address>
         <size>0x121</size>
         <input_file_ref idref="fl-41"/>
      </object_component>
      <object_component id="oc-42f">
         <name>.debug_info</name>
         <load_address>0x5e73</load_address>
         <run_address>0x5e73</run_address>
         <size>0x12c</size>
         <input_file_ref idref="fl-42"/>
      </object_component>
      <object_component id="oc-439">
         <name>.debug_info</name>
         <load_address>0x5f9f</load_address>
         <run_address>0x5f9f</run_address>
         <size>0x121</size>
         <input_file_ref idref="fl-43"/>
      </object_component>
      <object_component id="oc-59a">
         <name>.debug_info</name>
         <load_address>0x60c0</load_address>
         <run_address>0x60c0</run_address>
         <size>0x121</size>
         <input_file_ref idref="fl-44"/>
      </object_component>
      <object_component id="oc-42c">
         <name>.debug_info</name>
         <load_address>0x61e1</load_address>
         <run_address>0x61e1</run_address>
         <size>0x137</size>
         <input_file_ref idref="fl-45"/>
      </object_component>
      <object_component id="oc-27b">
         <name>.debug_info</name>
         <load_address>0x6318</load_address>
         <run_address>0x6318</run_address>
         <size>0x10f</size>
         <input_file_ref idref="fl-55"/>
      </object_component>
      <object_component id="oc-4a0">
         <name>.debug_info</name>
         <load_address>0x6427</load_address>
         <run_address>0x6427</run_address>
         <size>0x126</size>
         <input_file_ref idref="fl-57"/>
      </object_component>
      <object_component id="oc-490">
         <name>.debug_info</name>
         <load_address>0x654d</load_address>
         <run_address>0x654d</run_address>
         <size>0x130</size>
         <input_file_ref idref="fl-59"/>
      </object_component>
      <object_component id="oc-443">
         <name>.debug_info</name>
         <load_address>0x667d</load_address>
         <run_address>0x667d</run_address>
         <size>0x130</size>
         <input_file_ref idref="fl-5c"/>
      </object_component>
      <object_component id="oc-640">
         <name>.debug_info</name>
         <load_address>0x67ad</load_address>
         <run_address>0x67ad</run_address>
         <size>0x136</size>
         <input_file_ref idref="fl-5d"/>
      </object_component>
      <object_component id="oc-63b">
         <name>.debug_info</name>
         <load_address>0x68e3</load_address>
         <run_address>0x68e3</run_address>
         <size>0x132</size>
         <input_file_ref idref="fl-5e"/>
      </object_component>
      <object_component id="oc-260">
         <name>.debug_info</name>
         <load_address>0x6a15</load_address>
         <run_address>0x6a15</run_address>
         <size>0x100</size>
         <input_file_ref idref="fl-5f"/>
      </object_component>
      <object_component id="oc-2a5">
         <name>.debug_info</name>
         <load_address>0x6b15</load_address>
         <run_address>0x6b15</run_address>
         <size>0x17a</size>
         <input_file_ref idref="fl-5f"/>
      </object_component>
      <object_component id="oc-472">
         <name>.debug_info</name>
         <load_address>0x6c8f</load_address>
         <run_address>0x6c8f</run_address>
         <size>0x409</size>
         <input_file_ref idref="fl-60"/>
      </object_component>
      <object_component id="oc-3a3">
         <name>.debug_info</name>
         <load_address>0x7098</load_address>
         <run_address>0x7098</run_address>
         <size>0x216</size>
         <input_file_ref idref="fl-60"/>
      </object_component>
      <object_component id="oc-509">
         <name>.debug_info</name>
         <load_address>0x72ae</load_address>
         <run_address>0x72ae</run_address>
         <size>0x39</size>
         <input_file_ref idref="fl-60"/>
      </object_component>
      <object_component id="oc-515">
         <name>.debug_info</name>
         <load_address>0x72e7</load_address>
         <run_address>0x72e7</run_address>
         <size>0x2c</size>
         <input_file_ref idref="fl-60"/>
      </object_component>
      <object_component id="oc-47d">
         <name>.debug_info</name>
         <load_address>0x7313</load_address>
         <run_address>0x7313</run_address>
         <size>0x2c</size>
         <input_file_ref idref="fl-60"/>
      </object_component>
      <object_component id="oc-50e">
         <name>.debug_info</name>
         <load_address>0x733f</load_address>
         <run_address>0x733f</run_address>
         <size>0xcd</size>
         <input_file_ref idref="fl-60"/>
      </object_component>
      <object_component id="oc-293">
         <name>.debug_info</name>
         <load_address>0x740c</load_address>
         <run_address>0x740c</run_address>
         <size>0x1d3</size>
         <input_file_ref idref="fl-61"/>
      </object_component>
      <object_component id="oc-2eb">
         <name>.debug_info</name>
         <load_address>0x75df</load_address>
         <run_address>0x75df</run_address>
         <size>0x46</size>
         <input_file_ref idref="fl-61"/>
      </object_component>
      <object_component id="oc-2f2">
         <name>.debug_info</name>
         <load_address>0x7625</load_address>
         <run_address>0x7625</run_address>
         <size>0x153</size>
         <input_file_ref idref="fl-64"/>
      </object_component>
      <object_component id="oc-46c">
         <name>.debug_info</name>
         <load_address>0x7778</load_address>
         <run_address>0x7778</run_address>
         <size>0x150</size>
         <input_file_ref idref="fl-65"/>
      </object_component>
      <object_component id="oc-279">
         <name>.debug_info</name>
         <load_address>0x78c8</load_address>
         <run_address>0x78c8</run_address>
         <size>0x1da</size>
         <input_file_ref idref="fl-66"/>
      </object_component>
      <object_component id="oc-6f">
         <name>.debug_info</name>
         <load_address>0x7aa2</load_address>
         <run_address>0x7aa2</run_address>
         <size>0x1f2</size>
         <input_file_ref idref="fl-66"/>
      </object_component>
      <object_component id="oc-274">
         <name>.debug_info</name>
         <load_address>0x7c94</load_address>
         <run_address>0x7c94</run_address>
         <size>0x46</size>
         <input_file_ref idref="fl-66"/>
      </object_component>
      <object_component id="oc-69">
         <name>.debug_info</name>
         <load_address>0x7cda</load_address>
         <run_address>0x7cda</run_address>
         <size>0x2b8</size>
         <input_file_ref idref="fl-67"/>
      </object_component>
      <object_component id="oc-310">
         <name>.debug_info</name>
[...]
         <object_component_ref idref="oc-447"/>
      </symbol>
      <symbol id="sm-463">
         <name>__mspabi_remu</name>
         <value>0xf59a</value>
         <object_component_ref idref="oc-4e7"/>
      </symbol>
      <symbol id="sm-464">
         <name>__mspabi_divu</name>
         <value>0xf59a</value>
         <object_component_ref idref="oc-4e7"/>
      </symbol>
      <symbol id="sm-470">
         <name>__mspabi_remli</name>
         <value>0xefee</value>
         <object_component_ref idref="oc-43d"/>
      </symbol>
      <symbol id="sm-471">
         <name>__mspabi_divli</name>
         <value>0xefee</value>
         <object_component_ref idref="oc-43d"/>
      </symbol>
      <symbol id="sm-47f">
         <name>__mspabi_remul</name>
         <value>0xed8e</value>
         <object_component_ref idref="oc-49a"/>
      </symbol>
      <symbol id="sm-480">
         <name>__mspabi_divul</name>
         <value>0xed8e</value>
         <object_component_ref idref="oc-49a"/>
      </symbol>
      <symbol id="sm-49b">
         <name>__mspabi_subf</name>
         <value>0xe276</value>
         <object_component_ref idref="oc-433"/>
      </symbol>
      <symbol id="sm-49c">
         <name>__mspabi_addf</name>
         <value>0xe27c</value>
         <object_component_ref idref="oc-433"/>
      </symbol>
      <symbol id="sm-4ae">
         <name>__mspabi_divf</name>
         <value>0xeb5a</value>
         <object_component_ref idref="oc-592"/>
      </symbol>
      <symbol id="sm-4bd">
         <name>__mspabi_fltlif</name>
         <value>0xeeda</value>
         <object_component_ref idref="oc-42e"/>
      </symbol>
      <symbol id="sm-4d4">
         <name>__mspabi_mpyf</name>
         <value>0xe8b2</value>
         <object_component_ref idref="oc-438"/>
      </symbol>
      <symbol id="sm-4dd">
         <name>__mspabi_negf</name>
         <value>0xf64e</value>
         <object_component_ref idref="oc-597"/>
      </symbol>
      <symbol id="sm-4f0">
         <name>__mspabi_fixfli</name>
         <value>0xebea</value>
         <object_component_ref idref="oc-429"/>
      </symbol>
      <symbol id="sm-4f3">
         <name>__TI_int41</name>
         <value>0xffda</value>
         <object_component_ref idref="oc-74"/>
      </symbol>
      <symbol id="sm-4f6">
         <name>__TI_int42</name>
         <value>0xffdc</value>
         <object_component_ref idref="oc-75"/>
      </symbol>
      <symbol id="sm-4f9">
         <name>__TI_int43</name>
         <value>0xffde</value>
         <object_component_ref idref="oc-76"/>
      </symbol>
      <symbol id="sm-4fc">
         <name>__TI_int44</name>
         <value>0xffe0</value>
         <object_component_ref idref="oc-77"/>
      </symbol>
      <symbol id="sm-4ff">
         <name>__TI_int47</name>
         <value>0xffe6</value>
         <object_component_ref idref="oc-7a"/>
      </symbol>
      <symbol id="sm-502">
         <name>__TI_int48</name>
         <value>0xffe8</value>
         <object_component_ref idref="oc-7b"/>
      </symbol>
      <symbol id="sm-505">
         <name>__TI_int49</name>
         <value>0xffea</value>
         <object_component_ref idref="oc-7c"/>
      </symbol>
      <symbol id="sm-508">
         <name>__TI_int50</name>
         <value>0xffec</value>
         <object_component_ref idref="oc-7d"/>
      </symbol>
      <symbol id="sm-50b">
         <name>__TI_int51</name>
         <value>0xffee</value>
         <object_component_ref idref="oc-7e"/>
      </symbol>
      <symbol id="sm-50e">
         <name>__TI_int52</name>
         <value>0xfff0</value>
         <object_component_ref idref="oc-7f"/>
      </symbol>
      <symbol id="sm-511">
         <name>__TI_int53</name>
         <value>0xfff2</value>
         <object_component_ref idref="oc-80"/>
      </symbol>
      <symbol id="sm-514">
         <name>__TI_int54</name>
         <value>0xfff4</value>
         <object_component_ref idref="oc-81"/>
      </symbol>
      <symbol id="sm-517">
         <name>__TI_int55</name>
         <value>0xfff6</value>
         <object_component_ref idref="oc-82"/>
      </symbol>
      <symbol id="sm-51a">
         <name>__TI_int57</name>
         <value>0xfffa</value>
         <object_component_ref idref="oc-84"/>
      </symbol>
      <symbol id="sm-51d">
         <name>__TI_int58</name>
         <value>0xfffc</value>
         <object_component_ref idref="oc-85"/>
      </symbol>
      <symbol id="sm-525">
         <name>__TI_ISR_TRAP</name>
         <value>0xf658</value>
         <object_component_ref idref="oc-27a"/>
      </symbol>
      <symbol id="sm-52e">
         <name>__mspabi_srll_8</name>
         <value>0xf104</value>
         <object_component_ref idref="oc-49f"/>
      </symbol>
      <symbol id="sm-52f">
         <name>__mspabi_srll_9</name>
         <value>0xf100</value>
         <object_component_ref idref="oc-49f"/>
      </symbol>
      <symbol id="sm-530">
         <name>__mspabi_srll_6</name>
         <value>0xf10c</value>
         <object_component_ref idref="oc-49f"/>
      </symbol>
      <symbol id="sm-531">
         <name>__mspabi_srll_7</name>
         <value>0xf108</value>
         <object_component_ref idref="oc-49f"/>
      </symbol>
      <symbol id="sm-532">
         <name>__mspabi_srll_4</name>
         <value>0xf114</value>
         <object_component_ref idref="oc-49f"/>
      </symbol>
      <symbol id="sm-533">
         <name>__mspabi_srll_5</name>
         <value>0xf110</value>
         <object_component_ref idref="oc-49f"/>
      </symbol>
      <symbol id="sm-534">
         <name>__mspabi_srll_2</name>
         <value>0xf11c</value>
         <object_component_ref idref="oc-49f"/>
      </symbol>
      <symbol id="sm-535">
         <name>__mspabi_srll_3</name>
         <value>0xf118</value>
         <object_component_ref idref="oc-49f"/>
      </symbol>
      <symbol id="sm-536">
         <name>__mspabi_srll_1</name>
         <value>0xf120</value>
         <object_component_ref idref="oc-49f"/>
      </symbol>
      <symbol id="sm-537">
         <name>__mspabi_srll_15</name>
         <value>0xf0e8</value>
         <object_component_ref idref="oc-49f"/>
      </symbol>
      <symbol id="sm-538">
         <name>__mspabi_srll_14</name>
         <value>0xf0ec</value>
         <object_component_ref idref="oc-49f"/>
      </symbol>
      <symbol id="sm-539">
         <name>__mspabi_srll_13</name>
         <value>0xf0f0</value>
         <object_component_ref idref="oc-49f"/>
      </symbol>
      <symbol id="sm-53a">
         <name>__mspabi_srll_12</name>
         <value>0xf0f4</value>
         <object_component_ref idref="oc-49f"/>
      </symbol>
      <symbol id="sm-53b">
         <name>__mspabi_srll_11</name>
         <value>0xf0f8</value>
         <object_component_ref idref="oc-49f"/>
      </symbol>
      <symbol id="sm-53c">
         <name>__mspabi_srll_10</name>
         <value>0xf0fc</value>
         <object_component_ref idref="oc-49f"/>
      </symbol>
      <symbol id="sm-545">
         <name>__mspabi_mpyi_f5hw</name>
         <value>0xf582</value>
         <object_component_ref idref="oc-48f"/>
      </symbol>
      <symbol id="sm-54f">
         <name>__mspabi_mpyl_f5hw</name>
         <value>0xf40c</value>
         <object_component_ref idref="oc-442"/>
      </symbol>
      <symbol id="sm-557">
         <name>__mspabi_mpyull_f5hw</name>
         <value>0xf274</value>
         <object_component_ref idref="oc-63e"/>
      </symbol>
      <symbol id="sm-55f">
         <name>__mspabi_mpyll_f5hw</name>
         <value>0xed32</value>
         <object_component_ref idref="oc-639"/>
      </symbol>
      <symbol id="sm-56f">
         <name>_stack</name>
         <value>0x2f60</value>
         <object_component_ref idref="oc-25f"/>
      </symbol>
      <symbol id="sm-570">
         <name>_c_int00_noargs</name>
         <value>0xf496</value>
         <object_component_ref idref="oc-2a3"/>
      </symbol>
      <symbol id="sm-571">
         <name>_reset_vector</name>
         <value>0xfffe</value>
         <object_component_ref idref="oc-262"/>
      </symbol>
      <symbol id="sm-593">
         <name>__TI_auto_init_nobinit_nopinit_hold_wdt</name>
         <value>0xec68</value>
         <object_component_ref idref="oc-3a1"/>
      </symbol>
      <symbol id="sm-5a3">
         <name>__TI_zero_init_nomemset</name>
         <value>0xf02e</value>
         <object_component_ref idref="oc-291"/>
      </symbol>
      <symbol id="sm-5ae">
         <name>_system_pre_init</name>
         <value>0xf680</value>
         <object_component_ref idref="oc-2f1"/>
      </symbol>
      <symbol id="sm-5b7">
         <name>_system_post_cinit</name>
         <value>0xf684</value>
         <object_component_ref idref="oc-46b"/>
      </symbol>
      <symbol id="sm-5c8">
         <name>__TI_decompress_none</name>
         <value>0xf164</value>
         <object_component_ref idref="oc-6e"/>
      </symbol>
      <symbol id="sm-5e9">
         <name>__TI_decompress_lzss</name>
         <value>0xe6ec</value>
         <object_component_ref idref="oc-68"/>
      </symbol>
      <symbol id="sm-5fe">
         <name>__mspabi_cvtdf</name>
         <value>0xe96a</value>
         <object_component_ref idref="oc-53e"/>
      </symbol>
      <symbol id="sm-608">
         <name>C$$EXIT</name>
         <value>0xf668</value>
         <object_component_ref idref="oc-37d"/>
      </symbol>
      <symbol id="sm-609">
         <name>abort</name>
         <value>0xf668</value>
         <object_component_ref idref="oc-37d"/>
      </symbol>
      <symbol id="sm-617">
         <name>atof</name>
         <value>0xf66e</value>
         <object_component_ref idref="oc-538"/>
      </symbol>
      <symbol id="sm-62a">
         <name>atoi</name>
         <value>0xede6</value>
         <object_component_ref idref="oc-544"/>
      </symbol>
      <symbol id="sm-634">
         <name>_ctypes_</name>
         <value>0xc42c</value>
         <object_component_ref idref="oc-587"/>
      </symbol>
      <symbol id="sm-642">
         <name>memcpy</name>
         <value>0xf5da</value>
         <object_component_ref idref="oc-421"/>
      </symbol>
      <symbol id="sm-650">
         <name>memset</name>
         <value>0xf5c6</value>
         <object_component_ref idref="oc-532"/>
      </symbol>
      <symbol id="sm-65f">
         <name>strcat</name>
         <value>0xf51a</value>
         <object_component_ref idref="oc-365"/>
      </symbol>
      <symbol id="sm-66e">
         <name>strchr</name>
         <value>0xf534</value>
         <object_component_ref idref="oc-58c"/>
      </symbol>
      <symbol id="sm-67b">
         <name>strcpy</name>
         <value>0xf5ec</value>
         <object_component_ref idref="oc-377"/>
      </symbol>
      <symbol id="sm-688">
         <name>strlen</name>
         <value>0xf60c</value>
         <object_component_ref idref="oc-3f8"/>
      </symbol>
      <symbol id="sm-698">
         <name>strncmp</name>
         <value>0xf322</value>
         <object_component_ref idref="oc-4ca"/>
      </symbol>
      <symbol id="sm-6a8">
         <name>strncpy</name>
         <value>0xf2cc</value>
         <object_component_ref idref="oc-526"/>
      </symbol>
      <symbol id="sm-703">
         <name>strtold</name>
         <value>0xcd7e</value>
         <object_component_ref idref="oc-578"/>
      </symbol>
      <symbol id="sm-704">
         <name>strtod</name>
         <value>0xcd7e</value>
         <object_component_ref idref="oc-578"/>
      </symbol>
      <symbol id="sm-71a">
         <name>strtok</name>
         <value>0xef24</value>
         <object_component_ref idref="oc-52c"/>
      </symbol>
      <symbol id="sm-727">
         <name>toupper</name>
         <value>0xf61a</value>
         <object_component_ref idref="oc-5a9"/>
      </symbol>
      <symbol id="sm-731">
         <name>abs</name>
         <value>0xf630</value>
         <object_component_ref idref="oc-5d6"/>
      </symbol>
      <symbol id="sm-738">
         <name>errno</name>
         <value>0x2126</value>
         <object_component_ref idref="oc-5cd"/>
      </symbol>
      <symbol id="sm-75b">
         <name>scalbn</name>
         <value>0xdfd4</value>
         <object_component_ref idref="oc-5d0"/>
      </symbol>
      <symbol id="sm-75c">
         <name>scalbnl</name>
         <value>0xdfd4</value>
         <object_component_ref idref="oc-5d0"/>
      </symbol>
      <symbol id="sm-75d">
         <name>ldexpl</name>
         <value>0xdfd4</value>
         <object_component_ref idref="oc-5d0"/>
      </symbol>
      <symbol id="sm-75e">
         <name>ldexp</name>
         <value>0xdfd4</value>
         <object_component_ref idref="oc-5d0"/>
      </symbol>
      <symbol id="sm-767">
         <name>copysign</name>
         <value>0xf246</value>
         <object_component_ref idref="oc-622"/>
      </symbol>
      <symbol id="sm-768">
         <name>copysignl</name>
         <value>0xf246</value>
         <object_component_ref idref="oc-622"/>
      </symbol>
      <symbol id="sm-773">
         <name>__memcpy_far</name>
         <value>0xef6e</value>
         <object_component_ref idref="oc-26e"/>
      </symbol>
      <symbol id="sm-77b">
         <name>__mspabi_slll_9</name>
         <value>0xf0c2</value>
         <object_component_ref idref="oc-580"/>
      </symbol>
      <symbol id="sm-77c">
         <name>__mspabi_slll_8</name>
         <value>0xf0c6</value>
         <object_component_ref idref="oc-580"/>
      </symbol>
      <symbol id="sm-77d">
         <name>__mspabi_slll_7</name>
         <value>0xf0ca</value>
         <object_component_ref idref="oc-580"/>
      </symbol>
      <symbol id="sm-77e">
         <name>__mspabi_slll_6</name>
         <value>0xf0ce</value>
         <object_component_ref idref="oc-580"/>
      </symbol>
      <symbol id="sm-77f">
         <name>__mspabi_slll_5</name>
         <value>0xf0d2</value>
         <object_component_ref idref="oc-580"/>
      </symbol>
      <symbol id="sm-780">
         <name>__mspabi_slll_4</name>
         <value>0xf0d6</value>
         <object_component_ref idref="oc-580"/>
      </symbol>
      <symbol id="sm-781">
         <name>__mspabi_slll_3</name>
         <value>0xf0da</value>
         <object_component_ref idref="oc-580"/>
      </symbol>
      <symbol id="sm-782">
         <name>__mspabi_slll_2</name>
         <value>0xf0de</value>
         <object_component_ref idref="oc-580"/>
      </symbol>
      <symbol id="sm-783">
         <name>__mspabi_slll_1</name>
         <value>0xf0e2</value>
         <object_component_ref idref="oc-580"/>
      </symbol>
      <symbol id="sm-784">
         <name>__mspabi_slll_15</name>
         <value>0xf0aa</value>
         <object_component_ref idref="oc-580"/>
      </symbol>
      <symbol id="sm-785">
         <name>__mspabi_slll_14</name>
         <value>0xf0ae</value>
         <object_component_ref idref="oc-580"/>
      </symbol>
      <symbol id="sm-786">
         <name>__mspabi_slll_13</name>
         <value>0xf0b2</value>
         <object_component_ref idref="oc-580"/>
      </symbol>
      <symbol id="sm-787">
         <name>__mspabi_slll_12</name>
         <value>0xf0b6</value>
         <object_component_ref idref="oc-580"/>
      </symbol>
      <symbol id="sm-788">
         <name>__mspabi_slll_11</name>
         <value>0xf0ba</value>
         <object_component_ref idref="oc-580"/>
      </symbol>
      <symbol id="sm-789">
         <name>__mspabi_slll_10</name>
         <value>0xf0be</value>
         <object_component_ref idref="oc-580"/>
      </symbol>
      <symbol id="sm-797">
         <name>__mspabi_srlll</name>
         <value>0xf1da</value>
         <object_component_ref idref="oc-643"/>
      </symbol>
      <symbol id="sm-7d1">
         <name>__mspabi_addd</name>
         <value>0xc654</value>
         <object_component_ref idref="oc-5b8"/>
      </symbol>
      <symbol id="sm-7f0">
         <name>__mspabi_cmpd</name>
         <value>0xe7da</value>
         <object_component_ref idref="oc-5dc"/>
      </symbol>
      <symbol id="sm-811">
         <name>__mspabi_divd</name>
         <value>0xdc56</value>
         <object_component_ref idref="oc-5c7"/>
      </symbol>
      <symbol id="sm-82c">
         <name>__TI_frcdivd</name>
         <value>0xd20c</value>
         <object_component_ref idref="oc-618"/>
      </symbol>
      <symbol id="sm-851">
         <name>__mspabi_mpyd</name>
         <value>0xd9c4</value>
         <object_component_ref idref="oc-5b2"/>
      </symbol>
      <symbol id="sm-85a">
         <name>__mspabi_negd</name>
         <value>0xf2f8</value>
         <object_component_ref idref="oc-5be"/>
      </symbol>
      <symbol id="sm-86a">
         <name>strcspn</name>
         <value>0xf374</value>
         <object_component_ref idref="oc-56e"/>
      </symbol>
      <symbol id="sm-87c">
         <name>strspn</name>
         <value>0xf39c</value>
         <object_component_ref idref="oc-568"/>
      </symbol>
      <symbol id="sm-884">
         <name>__mspabi_sral_15</name>
         <value>0xf06c</value>
         <object_component_ref idref="oc-650"/>
      </symbol>
      <symbol id="sm-885">
         <name>__mspabi_sral_14</name>
         <value>0xf070</value>
         <object_component_ref idref="oc-650"/>
      </symbol>
      <symbol id="sm-886">
         <name>__mspabi_sral_13</name>
         <value>0xf074</value>
         <object_component_ref idref="oc-650"/>
      </symbol>
      <symbol id="sm-887">
         <name>__mspabi_sral_12</name>
         <value>0xf078</value>
         <object_component_ref idref="oc-650"/>
      </symbol>
      <symbol id="sm-888">
         <name>__mspabi_sral_11</name>
         <value>0xf07c</value>
         <object_component_ref idref="oc-650"/>
      </symbol>
      <symbol id="sm-889">
         <name>__mspabi_sral_10</name>
         <value>0xf080</value>
         <object_component_ref idref="oc-650"/>
      </symbol>
      <symbol id="sm-88a">
         <name>__mspabi_sral_8</name>
         <value>0xf088</value>
         <object_component_ref idref="oc-650"/>
      </symbol>
      <symbol id="sm-88b">
         <name>__mspabi_sral_9</name>
         <value>0xf084</value>
         <object_component_ref idref="oc-650"/>
      </symbol>
      <symbol id="sm-88c">
         <name>__mspabi_sral_6</name>
         <value>0xf090</value>
         <object_component_ref idref="oc-650"/>
      </symbol>
      <symbol id="sm-88d">
         <name>__mspabi_sral_7</name>
         <value>0xf08c</value>
         <object_component_ref idref="oc-650"/>
      </symbol>
      <symbol id="sm-88e">
         <name>__mspabi_sral_4</name>
         <value>0xf098</value>
         <object_component_ref idref="oc-650"/>
      </symbol>
      <symbol id="sm-88f">
         <name>__mspabi_sral_5</name>
         <value>0xf094</value>
         <object_component_ref idref="oc-650"/>
      </symbol>
      <symbol id="sm-890">
         <name>__mspabi_sral_2</name>
         <value>0xf0a0</value>
         <object_component_ref idref="oc-650"/>
      </symbol>
      <symbol id="sm-891">
         <name>__mspabi_sral_3</name>
         <value>0xf09c</value>
         <object_component_ref idref="oc-650"/>
      </symbol>
      <symbol id="sm-892">
         <name>__mspabi_sral_1</name>
         <value>0xf0a4</value>
         <object_component_ref idref="oc-650"/>
      </symbol>
      <symbol id="sm-89f">
         <name>__mspabi_srall</name>
         <value>0xefae</value>
         <object_component_ref idref="oc-607"/>
      </symbol>
      <symbol id="sm-8ac">
         <name>__mspabi_sllll</name>
         <value>0xf1a0</value>
         <object_component_ref idref="oc-60d"/>
      </symbol>
      <symbol id="sm-8b7">
         <name>__TI_frcmpyd</name>
         <value>0xde70</value>
         <object_component_ref idref="oc-5fa"/>
      </symbol>
   </symbol_table>
   <title>Link successful</title>
</link_info>
